[    1115ms] [LOG] Request Index: No cookies found for key=csNearbyFilter @ https://d2p5liwq1c5kwh.cloudfront.net/x/sentry-5.2.1/bundle.min.js:1
[    1115ms] [LOG] Request Index: No store/cookies found for key=csNearbyFilter @ https://d2p5liwq1c5kwh.cloudfront.net/x/sentry-5.2.1/bundle.min.js:1
[    1125ms] [VERBOSE] [DOM] Password field is not contained in a form: (More info: https://goo.gl/9p2vKq) %o @ https://columbusoh.oneviewcrm.cc/servicerequests/nearby:0
[    1125ms] [VERBOSE] [DOM] Password field is not contained in a form: (More info: https://goo.gl/9p2vKq) %o @ https://columbusoh.oneviewcrm.cc/servicerequests/nearby:0
[    1127ms] [LOG] Validate Member: No cookies found for key=csIsMemberValid @ https://d2p5liwq1c5kwh.cloudfront.net/x/sentry-5.2.1/bundle.min.js:1
[    1128ms] [LOG] csGetMobileDeviceId: No cookies found for key=CsHtml5DeviceUniqueId_COL @ https://d2p5liwq1c5kwh.cloudfront.net/x/sentry-5.2.1/bundle.min.js:1
[    1128ms] [LOG] csGetMobileDeviceId: No cookies found for key=CsHtml5DeviceUniqueIdv2_COL @ https://d2p5liwq1c5kwh.cloudfront.net/x/sentry-5.2.1/bundle.min.js:1
[    1128ms] [LOG] csGetMobileDeviceId: No store/cookies found for key=CsHtml5DeviceUniqueIdv2_COL @ https://d2p5liwq1c5kwh.cloudfront.net/x/sentry-5.2.1/bundle.min.js:1
[    1128ms] [LOG] csGetMobileDeviceId: Setting store['CsHtml5DeviceUniqueIdv2_COL']=0dbdc7bc28d748f59d89c8b8dc4dc9c9 @ https://d2p5liwq1c5kwh.cloudfront.net/x/sentry-5.2.1/bundle.min.js:1
[    1129ms] [LOG] csGetMobileDeviceId: Setting cookie['CsHtml5DeviceUniqueIdv2_COL']=0dbdc7bc28d748f59d89c8b8dc4dc9c9 @ https://d2p5liwq1c5kwh.cloudfront.net/x/sentry-5.2.1/bundle.min.js:1
[    1135ms] [LOG] csGetMobileDeviceId: No cookies found for key=CsHtml5DeviceUniqueId_COL @ https://d2p5liwq1c5kwh.cloudfront.net/x/sentry-5.2.1/bundle.min.js:1
[    1135ms] [LOG] csGetMobileDeviceId: Found store['CsHtml5DeviceUniqueIdv2_COL']=0dbdc7bc28d748f59d89c8b8dc4dc9c9 @ https://d2p5liwq1c5kwh.cloudfront.net/x/sentry-5.2.1/bundle.min.js:1
[    1136ms] [LOG] csGetMobileDeviceId: No cookies found for key=CsHtml5DeviceUniqueId_COL @ https://d2p5liwq1c5kwh.cloudfront.net/x/sentry-5.2.1/bundle.min.js:1
[    1136ms] [LOG] csGetMobileDeviceId: Found store['CsHtml5DeviceUniqueIdv2_COL']=0dbdc7bc28d748f59d89c8b8dc4dc9c9 @ https://d2p5liwq1c5kwh.cloudfront.net/x/sentry-5.2.1/bundle.min.js:1
[    1141ms] [LOG] csMapInitNamed: csLeaflet @ https://d2p5liwq1c5kwh.cloudfront.net/x/sentry-5.2.1/bundle.min.js:1
[    1161ms] [LOG] csLoadCustomMapLayers: Loading Custom Layer:https://basemaps.arcgis.com/arcgis/rest/services/OpenStreetMap_v2/VectorTileServer @ https://d2p5liwq1c5kwh.cloudfront.net/x/sentry-5.2.1/bundle.min.js:1
[    1163ms] [WARNING] This page appears to be missing CSS declarations for Mapbox GL JS, which may cause the map to display incorrectly. Please ensure your page includes mapbox-gl.css, as described in https://www.mapbox.com/mapbox-gl-js/api/. @ https://d2p5liwq1c5kwh.cloudfront.net/x/sentry-5.2.1/bundle.min.js:1
[    1932ms] [LOG] csRefreshListAndMap: Starting @ https://d2p5liwq1c5kwh.cloudfront.net/x/sentry-5.2.1/bundle.min.js:1
[    1934ms] [LOG] csGetMobileDeviceId: No cookies found for key=CsHtml5DeviceUniqueId_COL @ https://d2p5liwq1c5kwh.cloudfront.net/x/sentry-5.2.1/bundle.min.js:1
[    1934ms] [LOG] csGetMobileDeviceId: Found store['CsHtml5DeviceUniqueIdv2_COL']=0dbdc7bc28d748f59d89c8b8dc4dc9c9 @ https://d2p5liwq1c5kwh.cloudfront.net/x/sentry-5.2.1/bundle.min.js:1
[    1941ms] [LOG] statusTypesList [Object, Object, Object, Object, Object, Object, Object, Object, Object, Object, Object, Object, Object, Object, Object, Object, Object, Object, Object, Object, Object, Object, Object, Object, Object, Object, Object, Object, Object, Object, Object, Object, Object, Object, Object, Object, Object, Object, Object, Object, Object] @ https://d2p5liwq1c5kwh.cloudfront.net/x/sentry-5.2.1/bundle.min.js:1
[    1956ms] Uncaught TypeError: Cannot read properties of undefined (reading 'on')
    at ga (https://cdn.onesignal.com/sdks/web/v16/OneSignalSDK.page.es6.js?v=160608:0:132595)
    at <static_initializer> (https://cdn.onesignal.com/sdks/web/v16/OneSignalSDK.page.es6.js?v=160608:0:140152)
    at <anonymous> (https://cdn.onesignal.com/sdks/web/v16/OneSignalSDK.page.es6.js?v=160608:0:135390)
    at <anonymous> (https://cdn.onesignal.com/sdks/web/v16/OneSignalSDK.page.es6.js?v=160608:0:140830)
[    5566ms] [LOG] csGetMobileDeviceId: No cookies found for key=CsHtml5DeviceUniqueId_COL @ https://d2p5liwq1c5kwh.cloudfront.net/x/sentry-5.2.1/bundle.min.js:1
[    5567ms] [LOG] csGetMobileDeviceId: Found store['CsHtml5DeviceUniqueIdv2_COL']=0dbdc7bc28d748f59d89c8b8dc4dc9c9 @ https://d2p5liwq1c5kwh.cloudfront.net/x/sentry-5.2.1/bundle.min.js:1
[    5567ms] [LOG] csGetMobileDeviceId: No cookies found for key=CsHtml5DeviceUniqueId_COL @ https://d2p5liwq1c5kwh.cloudfront.net/x/sentry-5.2.1/bundle.min.js:1
[    5567ms] [LOG] csGetMobileDeviceId: Found store['CsHtml5DeviceUniqueIdv2_COL']=0dbdc7bc28d748f59d89c8b8dc4dc9c9 @ https://d2p5liwq1c5kwh.cloudfront.net/x/sentry-5.2.1/bundle.min.js:1
[    5568ms] [LOG] csGetMobileDeviceId: No cookies found for key=CsHtml5DeviceUniqueId_COL @ https://d2p5liwq1c5kwh.cloudfront.net/x/sentry-5.2.1/bundle.min.js:1
[    5568ms] [LOG] csGetMobileDeviceId: Found store['CsHtml5DeviceUniqueIdv2_COL']=0dbdc7bc28d748f59d89c8b8dc4dc9c9 @ https://d2p5liwq1c5kwh.cloudfront.net/x/sentry-5.2.1/bundle.min.js:1
[    5568ms] [LOG] csGetMobileDeviceId: No cookies found for key=CsHtml5DeviceUniqueId_COL @ https://d2p5liwq1c5kwh.cloudfront.net/x/sentry-5.2.1/bundle.min.js:1
[    5569ms] [LOG] csGetMobileDeviceId: Found store['CsHtml5DeviceUniqueIdv2_COL']=0dbdc7bc28d748f59d89c8b8dc4dc9c9 @ https://d2p5liwq1c5kwh.cloudfront.net/x/sentry-5.2.1/bundle.min.js:1
[    5569ms] [LOG] csGetMobileDeviceId: No cookies found for key=CsHtml5DeviceUniqueId_COL @ https://d2p5liwq1c5kwh.cloudfront.net/x/sentry-5.2.1/bundle.min.js:1
[    5569ms] [LOG] csGetMobileDeviceId: Found store['CsHtml5DeviceUniqueIdv2_COL']=0dbdc7bc28d748f59d89c8b8dc4dc9c9 @ https://d2p5liwq1c5kwh.cloudfront.net/x/sentry-5.2.1/bundle.min.js:1
[    5570ms] [LOG] csGetMobileDeviceId: No cookies found for key=CsHtml5DeviceUniqueId_COL @ https://d2p5liwq1c5kwh.cloudfront.net/x/sentry-5.2.1/bundle.min.js:1
[    5570ms] [LOG] csGetMobileDeviceId: Found store['CsHtml5DeviceUniqueIdv2_COL']=0dbdc7bc28d748f59d89c8b8dc4dc9c9 @ https://d2p5liwq1c5kwh.cloudfront.net/x/sentry-5.2.1/bundle.min.js:1
[    5571ms] [LOG] csGetMobileDeviceId: No cookies found for key=CsHtml5DeviceUniqueId_COL @ https://d2p5liwq1c5kwh.cloudfront.net/x/sentry-5.2.1/bundle.min.js:1
[    5571ms] [LOG] csGetMobileDeviceId: Found store['CsHtml5DeviceUniqueIdv2_COL']=0dbdc7bc28d748f59d89c8b8dc4dc9c9 @ https://d2p5liwq1c5kwh.cloudfront.net/x/sentry-5.2.1/bundle.min.js:1
[   26468ms] [LOG] csGetMobileDeviceId: No cookies found for key=CsHtml5DeviceUniqueId_COL @ https://d2p5liwq1c5kwh.cloudfront.net/x/sentry-5.2.1/bundle.min.js:1
[   26468ms] [LOG] csGetMobileDeviceId: Found store['CsHtml5DeviceUniqueIdv2_COL']=0dbdc7bc28d748f59d89c8b8dc4dc9c9 @ https://d2p5liwq1c5kwh.cloudfront.net/x/sentry-5.2.1/bundle.min.js:1
[   27723ms] [LOG] csRefreshListAndMap: Starting @ https://d2p5liwq1c5kwh.cloudfront.net/x/sentry-5.2.1/bundle.min.js:1
[   27726ms] [LOG] csGetMobileDeviceId: No cookies found for key=CsHtml5DeviceUniqueId_COL @ https://d2p5liwq1c5kwh.cloudfront.net/x/sentry-5.2.1/bundle.min.js:1
[   27726ms] [LOG] csGetMobileDeviceId: Found store['CsHtml5DeviceUniqueIdv2_COL']=0dbdc7bc28d748f59d89c8b8dc4dc9c9 @ https://d2p5liwq1c5kwh.cloudfront.net/x/sentry-5.2.1/bundle.min.js:1
[   31071ms] [LOG] csGetMobileDeviceId: No cookies found for key=CsHtml5DeviceUniqueId_COL @ https://d2p5liwq1c5kwh.cloudfront.net/x/sentry-5.2.1/bundle.min.js:1
[   31071ms] [LOG] csGetMobileDeviceId: Found store['CsHtml5DeviceUniqueIdv2_COL']=0dbdc7bc28d748f59d89c8b8dc4dc9c9 @ https://d2p5liwq1c5kwh.cloudfront.net/x/sentry-5.2.1/bundle.min.js:1
[   31072ms] [LOG] csGetMobileDeviceId: No cookies found for key=CsHtml5DeviceUniqueId_COL @ https://d2p5liwq1c5kwh.cloudfront.net/x/sentry-5.2.1/bundle.min.js:1
[   31072ms] [LOG] csGetMobileDeviceId: Found store['CsHtml5DeviceUniqueIdv2_COL']=0dbdc7bc28d748f59d89c8b8dc4dc9c9 @ https://d2p5liwq1c5kwh.cloudfront.net/x/sentry-5.2.1/bundle.min.js:1
[   31073ms] [LOG] csGetMobileDeviceId: No cookies found for key=CsHtml5DeviceUniqueId_COL @ https://d2p5liwq1c5kwh.cloudfront.net/x/sentry-5.2.1/bundle.min.js:1
[   31074ms] [LOG] csGetMobileDeviceId: Found store['CsHtml5DeviceUniqueIdv2_COL']=0dbdc7bc28d748f59d89c8b8dc4dc9c9 @ https://d2p5liwq1c5kwh.cloudfront.net/x/sentry-5.2.1/bundle.min.js:1
[   31074ms] [LOG] csGetMobileDeviceId: No cookies found for key=CsHtml5DeviceUniqueId_COL @ https://d2p5liwq1c5kwh.cloudfront.net/x/sentry-5.2.1/bundle.min.js:1
[   31074ms] [LOG] csGetMobileDeviceId: Found store['CsHtml5DeviceUniqueIdv2_COL']=0dbdc7bc28d748f59d89c8b8dc4dc9c9 @ https://d2p5liwq1c5kwh.cloudfront.net/x/sentry-5.2.1/bundle.min.js:1
[   31075ms] [LOG] csGetMobileDeviceId: No cookies found for key=CsHtml5DeviceUniqueId_COL @ https://d2p5liwq1c5kwh.cloudfront.net/x/sentry-5.2.1/bundle.min.js:1
[   31075ms] [LOG] csGetMobileDeviceId: Found store['CsHtml5DeviceUniqueIdv2_COL']=0dbdc7bc28d748f59d89c8b8dc4dc9c9 @ https://d2p5liwq1c5kwh.cloudfront.net/x/sentry-5.2.1/bundle.min.js:1
[   31076ms] [LOG] csGetMobileDeviceId: No cookies found for key=CsHtml5DeviceUniqueId_COL @ https://d2p5liwq1c5kwh.cloudfront.net/x/sentry-5.2.1/bundle.min.js:1
[   31076ms] [LOG] csGetMobileDeviceId: Found store['CsHtml5DeviceUniqueIdv2_COL']=0dbdc7bc28d748f59d89c8b8dc4dc9c9 @ https://d2p5liwq1c5kwh.cloudfront.net/x/sentry-5.2.1/bundle.min.js:1
[   31076ms] [LOG] csGetMobileDeviceId: No cookies found for key=CsHtml5DeviceUniqueId_COL @ https://d2p5liwq1c5kwh.cloudfront.net/x/sentry-5.2.1/bundle.min.js:1
[   31076ms] [LOG] csGetMobileDeviceId: Found store['CsHtml5DeviceUniqueIdv2_COL']=0dbdc7bc28d748f59d89c8b8dc4dc9c9 @ https://d2p5liwq1c5kwh.cloudfront.net/x/sentry-5.2.1/bundle.min.js:1
[   31077ms] [LOG] csGetMobileDeviceId: No cookies found for key=CsHtml5DeviceUniqueId_COL @ https://d2p5liwq1c5kwh.cloudfront.net/x/sentry-5.2.1/bundle.min.js:1
[   31077ms] [LOG] csGetMobileDeviceId: Found store['CsHtml5DeviceUniqueIdv2_COL']=0dbdc7bc28d748f59d89c8b8dc4dc9c9 @ https://d2p5liwq1c5kwh.cloudfront.net/x/sentry-5.2.1/bundle.min.js:1
[   31077ms] [LOG] csGetMobileDeviceId: No cookies found for key=CsHtml5DeviceUniqueId_COL @ https://d2p5liwq1c5kwh.cloudfront.net/x/sentry-5.2.1/bundle.min.js:1
[   31077ms] [LOG] csGetMobileDeviceId: Found store['CsHtml5DeviceUniqueIdv2_COL']=0dbdc7bc28d748f59d89c8b8dc4dc9c9 @ https://d2p5liwq1c5kwh.cloudfront.net/x/sentry-5.2.1/bundle.min.js:1
[   31078ms] [LOG] csGetMobileDeviceId: No cookies found for key=CsHtml5DeviceUniqueId_COL @ https://d2p5liwq1c5kwh.cloudfront.net/x/sentry-5.2.1/bundle.min.js:1
[   31078ms] [LOG] csGetMobileDeviceId: Found store['CsHtml5DeviceUniqueIdv2_COL']=0dbdc7bc28d748f59d89c8b8dc4dc9c9 @ https://d2p5liwq1c5kwh.cloudfront.net/x/sentry-5.2.1/bundle.min.js:1
[   31078ms] [LOG] csGetMobileDeviceId: No cookies found for key=CsHtml5DeviceUniqueId_COL @ https://d2p5liwq1c5kwh.cloudfront.net/x/sentry-5.2.1/bundle.min.js:1
[   31078ms] [LOG] csGetMobileDeviceId: Found store['CsHtml5DeviceUniqueIdv2_COL']=0dbdc7bc28d748f59d89c8b8dc4dc9c9 @ https://d2p5liwq1c5kwh.cloudfront.net/x/sentry-5.2.1/bundle.min.js:1
[   31079ms] [LOG] csGetMobileDeviceId: No cookies found for key=CsHtml5DeviceUniqueId_COL @ https://d2p5liwq1c5kwh.cloudfront.net/x/sentry-5.2.1/bundle.min.js:1
[   31079ms] [LOG] csGetMobileDeviceId: Found store['CsHtml5DeviceUniqueIdv2_COL']=0dbdc7bc28d748f59d89c8b8dc4dc9c9 @ https://d2p5liwq1c5kwh.cloudfront.net/x/sentry-5.2.1/bundle.min.js:1
[   31079ms] [LOG] csGetMobileDeviceId: No cookies found for key=CsHtml5DeviceUniqueId_COL @ https://d2p5liwq1c5kwh.cloudfront.net/x/sentry-5.2.1/bundle.min.js:1
[   31079ms] [LOG] csGetMobileDeviceId: Found store['CsHtml5DeviceUniqueIdv2_COL']=0dbdc7bc28d748f59d89c8b8dc4dc9c9 @ https://d2p5liwq1c5kwh.cloudfront.net/x/sentry-5.2.1/bundle.min.js:1
[   31080ms] [LOG] csGetMobileDeviceId: No cookies found for key=CsHtml5DeviceUniqueId_COL @ https://d2p5liwq1c5kwh.cloudfront.net/x/sentry-5.2.1/bundle.min.js:1
[   31080ms] [LOG] csGetMobileDeviceId: Found store['CsHtml5DeviceUniqueIdv2_COL']=0dbdc7bc28d748f59d89c8b8dc4dc9c9 @ https://d2p5liwq1c5kwh.cloudfront.net/x/sentry-5.2.1/bundle.min.js:1
[   31080ms] [LOG] csGetMobileDeviceId: No cookies found for key=CsHtml5DeviceUniqueId_COL @ https://d2p5liwq1c5kwh.cloudfront.net/x/sentry-5.2.1/bundle.min.js:1
[   31080ms] [LOG] csGetMobileDeviceId: Found store['CsHtml5DeviceUniqueIdv2_COL']=0dbdc7bc28d748f59d89c8b8dc4dc9c9 @ https://d2p5liwq1c5kwh.cloudfront.net/x/sentry-5.2.1/bundle.min.js:1
[   31080ms] [LOG] csGetMobileDeviceId: No cookies found for key=CsHtml5DeviceUniqueId_COL @ https://d2p5liwq1c5kwh.cloudfront.net/x/sentry-5.2.1/bundle.min.js:1
[   31080ms] [LOG] csGetMobileDeviceId: Found store['CsHtml5DeviceUniqueIdv2_COL']=0dbdc7bc28d748f59d89c8b8dc4dc9c9 @ https://d2p5liwq1c5kwh.cloudfront.net/x/sentry-5.2.1/bundle.min.js:1
[   31081ms] [LOG] csGetMobileDeviceId: No cookies found for key=CsHtml5DeviceUniqueId_COL @ https://d2p5liwq1c5kwh.cloudfront.net/x/sentry-5.2.1/bundle.min.js:1
[   31081ms] [LOG] csGetMobileDeviceId: Found store['CsHtml5DeviceUniqueIdv2_COL']=0dbdc7bc28d748f59d89c8b8dc4dc9c9 @ https://d2p5liwq1c5kwh.cloudfront.net/x/sentry-5.2.1/bundle.min.js:1
[   31081ms] [LOG] csGetMobileDeviceId: No cookies found for key=CsHtml5DeviceUniqueId_COL @ https://d2p5liwq1c5kwh.cloudfront.net/x/sentry-5.2.1/bundle.min.js:1
[   31081ms] [LOG] csGetMobileDeviceId: Found store['CsHtml5DeviceUniqueIdv2_COL']=0dbdc7bc28d748f59d89c8b8dc4dc9c9 @ https://d2p5liwq1c5kwh.cloudfront.net/x/sentry-5.2.1/bundle.min.js:1
[   31081ms] [LOG] csGetMobileDeviceId: No cookies found for key=CsHtml5DeviceUniqueId_COL @ https://d2p5liwq1c5kwh.cloudfront.net/x/sentry-5.2.1/bundle.min.js:1
[   31081ms] [LOG] csGetMobileDeviceId: Found store['CsHtml5DeviceUniqueIdv2_COL']=0dbdc7bc28d748f59d89c8b8dc4dc9c9 @ https://d2p5liwq1c5kwh.cloudfront.net/x/sentry-5.2.1/bundle.min.js:1
[   31082ms] [LOG] csGetMobileDeviceId: No cookies found for key=CsHtml5DeviceUniqueId_COL @ https://d2p5liwq1c5kwh.cloudfront.net/x/sentry-5.2.1/bundle.min.js:1
[   31082ms] [LOG] csGetMobileDeviceId: Found store['CsHtml5DeviceUniqueIdv2_COL']=0dbdc7bc28d748f59d89c8b8dc4dc9c9 @ https://d2p5liwq1c5kwh.cloudfront.net/x/sentry-5.2.1/bundle.min.js:1
[   31082ms] [LOG] csGetMobileDeviceId: No cookies found for key=CsHtml5DeviceUniqueId_COL @ https://d2p5liwq1c5kwh.cloudfront.net/x/sentry-5.2.1/bundle.min.js:1
[   31082ms] [LOG] csGetMobileDeviceId: Found store['CsHtml5DeviceUniqueIdv2_COL']=0dbdc7bc28d748f59d89c8b8dc4dc9c9 @ https://d2p5liwq1c5kwh.cloudfront.net/x/sentry-5.2.1/bundle.min.js:1
[   31082ms] [LOG] csGetMobileDeviceId: No cookies found for key=CsHtml5DeviceUniqueId_COL @ https://d2p5liwq1c5kwh.cloudfront.net/x/sentry-5.2.1/bundle.min.js:1
[   31083ms] [LOG] csGetMobileDeviceId: Found store['CsHtml5DeviceUniqueIdv2_COL']=0dbdc7bc28d748f59d89c8b8dc4dc9c9 @ https://d2p5liwq1c5kwh.cloudfront.net/x/sentry-5.2.1/bundle.min.js:1
[   31083ms] [LOG] csGetMobileDeviceId: No cookies found for key=CsHtml5DeviceUniqueId_COL @ https://d2p5liwq1c5kwh.cloudfront.net/x/sentry-5.2.1/bundle.min.js:1
[   31083ms] [LOG] csGetMobileDeviceId: Found store['CsHtml5DeviceUniqueIdv2_COL']=0dbdc7bc28d748f59d89c8b8dc4dc9c9 @ https://d2p5liwq1c5kwh.cloudfront.net/x/sentry-5.2.1/bundle.min.js:1
[   31084ms] [LOG] csGetMobileDeviceId: No cookies found for key=CsHtml5DeviceUniqueId_COL @ https://d2p5liwq1c5kwh.cloudfront.net/x/sentry-5.2.1/bundle.min.js:1
[   31084ms] [LOG] csGetMobileDeviceId: Found store['CsHtml5DeviceUniqueIdv2_COL']=0dbdc7bc28d748f59d89c8b8dc4dc9c9 @ https://d2p5liwq1c5kwh.cloudfront.net/x/sentry-5.2.1/bundle.min.js:1
[   31085ms] [LOG] csGetMobileDeviceId: No cookies found for key=CsHtml5DeviceUniqueId_COL @ https://d2p5liwq1c5kwh.cloudfront.net/x/sentry-5.2.1/bundle.min.js:1
[   31085ms] [LOG] csGetMobileDeviceId: Found store['CsHtml5DeviceUniqueIdv2_COL']=0dbdc7bc28d748f59d89c8b8dc4dc9c9 @ https://d2p5liwq1c5kwh.cloudfront.net/x/sentry-5.2.1/bundle.min.js:1
[   31085ms] [LOG] csGetMobileDeviceId: No cookies found for key=CsHtml5DeviceUniqueId_COL @ https://d2p5liwq1c5kwh.cloudfront.net/x/sentry-5.2.1/bundle.min.js:1
[   31085ms] [LOG] csGetMobileDeviceId: Found store['CsHtml5DeviceUniqueIdv2_COL']=0dbdc7bc28d748f59d89c8b8dc4dc9c9 @ https://d2p5liwq1c5kwh.cloudfront.net/x/sentry-5.2.1/bundle.min.js:1
[   31086ms] [LOG] csGetMobileDeviceId: No cookies found for key=CsHtml5DeviceUniqueId_COL @ https://d2p5liwq1c5kwh.cloudfront.net/x/sentry-5.2.1/bundle.min.js:1
[   31086ms] [LOG] csGetMobileDeviceId: Found store['CsHtml5DeviceUniqueIdv2_COL']=0dbdc7bc28d748f59d89c8b8dc4dc9c9 @ https://d2p5liwq1c5kwh.cloudfront.net/x/sentry-5.2.1/bundle.min.js:1
[   31086ms] [LOG] csGetMobileDeviceId: No cookies found for key=CsHtml5DeviceUniqueId_COL @ https://d2p5liwq1c5kwh.cloudfront.net/x/sentry-5.2.1/bundle.min.js:1
[   31086ms] [LOG] csGetMobileDeviceId: Found store['CsHtml5DeviceUniqueIdv2_COL']=0dbdc7bc28d748f59d89c8b8dc4dc9c9 @ https://d2p5liwq1c5kwh.cloudfront.net/x/sentry-5.2.1/bundle.min.js:1
[   31087ms] [LOG] csGetMobileDeviceId: No cookies found for key=CsHtml5DeviceUniqueId_COL @ https://d2p5liwq1c5kwh.cloudfront.net/x/sentry-5.2.1/bundle.min.js:1
[   31087ms] [LOG] csGetMobileDeviceId: Found store['CsHtml5DeviceUniqueIdv2_COL']=0dbdc7bc28d748f59d89c8b8dc4dc9c9 @ https://d2p5liwq1c5kwh.cloudfront.net/x/sentry-5.2.1/bundle.min.js:1
[   31087ms] [LOG] csGetMobileDeviceId: No cookies found for key=CsHtml5DeviceUniqueId_COL @ https://d2p5liwq1c5kwh.cloudfront.net/x/sentry-5.2.1/bundle.min.js:1
[   31087ms] [LOG] csGetMobileDeviceId: Found store['CsHtml5DeviceUniqueIdv2_COL']=0dbdc7bc28d748f59d89c8b8dc4dc9c9 @ https://d2p5liwq1c5kwh.cloudfront.net/x/sentry-5.2.1/bundle.min.js:1
[   31088ms] [LOG] csGetMobileDeviceId: No cookies found for key=CsHtml5DeviceUniqueId_COL @ https://d2p5liwq1c5kwh.cloudfront.net/x/sentry-5.2.1/bundle.min.js:1
[   31088ms] [LOG] csGetMobileDeviceId: Found store['CsHtml5DeviceUniqueIdv2_COL']=0dbdc7bc28d748f59d89c8b8dc4dc9c9 @ https://d2p5liwq1c5kwh.cloudfront.net/x/sentry-5.2.1/bundle.min.js:1
[   31088ms] [LOG] csGetMobileDeviceId: No cookies found for key=CsHtml5DeviceUniqueId_COL @ https://d2p5liwq1c5kwh.cloudfront.net/x/sentry-5.2.1/bundle.min.js:1
[   31088ms] [LOG] csGetMobileDeviceId: Found store['CsHtml5DeviceUniqueIdv2_COL']=0dbdc7bc28d748f59d89c8b8dc4dc9c9 @ https://d2p5liwq1c5kwh.cloudfront.net/x/sentry-5.2.1/bundle.min.js:1
[   31089ms] [LOG] csGetMobileDeviceId: No cookies found for key=CsHtml5DeviceUniqueId_COL @ https://d2p5liwq1c5kwh.cloudfront.net/x/sentry-5.2.1/bundle.min.js:1
[   31089ms] [LOG] csGetMobileDeviceId: Found store['CsHtml5DeviceUniqueIdv2_COL']=0dbdc7bc28d748f59d89c8b8dc4dc9c9 @ https://d2p5liwq1c5kwh.cloudfront.net/x/sentry-5.2.1/bundle.min.js:1
[   31089ms] [LOG] csGetMobileDeviceId: No cookies found for key=CsHtml5DeviceUniqueId_COL @ https://d2p5liwq1c5kwh.cloudfront.net/x/sentry-5.2.1/bundle.min.js:1
[   31089ms] [LOG] csGetMobileDeviceId: Found store['CsHtml5DeviceUniqueIdv2_COL']=0dbdc7bc28d748f59d89c8b8dc4dc9c9 @ https://d2p5liwq1c5kwh.cloudfront.net/x/sentry-5.2.1/bundle.min.js:1
[   31090ms] [LOG] csGetMobileDeviceId: No cookies found for key=CsHtml5DeviceUniqueId_COL @ https://d2p5liwq1c5kwh.cloudfront.net/x/sentry-5.2.1/bundle.min.js:1
[   31090ms] [LOG] csGetMobileDeviceId: Found store['CsHtml5DeviceUniqueIdv2_COL']=0dbdc7bc28d748f59d89c8b8dc4dc9c9 @ https://d2p5liwq1c5kwh.cloudfront.net/x/sentry-5.2.1/bundle.min.js:1
[   31090ms] [LOG] csGetMobileDeviceId: No cookies found for key=CsHtml5DeviceUniqueId_COL @ https://d2p5liwq1c5kwh.cloudfront.net/x/sentry-5.2.1/bundle.min.js:1
[   31090ms] [LOG] csGetMobileDeviceId: Found store['CsHtml5DeviceUniqueIdv2_COL']=0dbdc7bc28d748f59d89c8b8dc4dc9c9 @ https://d2p5liwq1c5kwh.cloudfront.net/x/sentry-5.2.1/bundle.min.js:1
[   31091ms] [LOG] csGetMobileDeviceId: No cookies found for key=CsHtml5DeviceUniqueId_COL @ https://d2p5liwq1c5kwh.cloudfront.net/x/sentry-5.2.1/bundle.min.js:1
[   31091ms] [LOG] csGetMobileDeviceId: Found store['CsHtml5DeviceUniqueIdv2_COL']=0dbdc7bc28d748f59d89c8b8dc4dc9c9 @ https://d2p5liwq1c5kwh.cloudfront.net/x/sentry-5.2.1/bundle.min.js:1
[   31091ms] [LOG] csGetMobileDeviceId: No cookies found for key=CsHtml5DeviceUniqueId_COL @ https://d2p5liwq1c5kwh.cloudfront.net/x/sentry-5.2.1/bundle.min.js:1
[   31091ms] [LOG] csGetMobileDeviceId: Found store['CsHtml5DeviceUniqueIdv2_COL']=0dbdc7bc28d748f59d89c8b8dc4dc9c9 @ https://d2p5liwq1c5kwh.cloudfront.net/x/sentry-5.2.1/bundle.min.js:1
[   31091ms] [LOG] csGetMobileDeviceId: No cookies found for key=CsHtml5DeviceUniqueId_COL @ https://d2p5liwq1c5kwh.cloudfront.net/x/sentry-5.2.1/bundle.min.js:1
[   31092ms] [LOG] csGetMobileDeviceId: Found store['CsHtml5DeviceUniqueIdv2_COL']=0dbdc7bc28d748f59d89c8b8dc4dc9c9 @ https://d2p5liwq1c5kwh.cloudfront.net/x/sentry-5.2.1/bundle.min.js:1
[   31092ms] [LOG] csGetMobileDeviceId: No cookies found for key=CsHtml5DeviceUniqueId_COL @ https://d2p5liwq1c5kwh.cloudfront.net/x/sentry-5.2.1/bundle.min.js:1
[   31092ms] [LOG] csGetMobileDeviceId: Found store['CsHtml5DeviceUniqueIdv2_COL']=0dbdc7bc28d748f59d89c8b8dc4dc9c9 @ https://d2p5liwq1c5kwh.cloudfront.net/x/sentry-5.2.1/bundle.min.js:1
[   31092ms] [LOG] csGetMobileDeviceId: No cookies found for key=CsHtml5DeviceUniqueId_COL @ https://d2p5liwq1c5kwh.cloudfront.net/x/sentry-5.2.1/bundle.min.js:1
[   31093ms] [LOG] csGetMobileDeviceId: Found store['CsHtml5DeviceUniqueIdv2_COL']=0dbdc7bc28d748f59d89c8b8dc4dc9c9 @ https://d2p5liwq1c5kwh.cloudfront.net/x/sentry-5.2.1/bundle.min.js:1
[   31093ms] [LOG] csGetMobileDeviceId: No cookies found for key=CsHtml5DeviceUniqueId_COL @ https://d2p5liwq1c5kwh.cloudfront.net/x/sentry-5.2.1/bundle.min.js:1
[   31093ms] [LOG] csGetMobileDeviceId: Found store['CsHtml5DeviceUniqueIdv2_COL']=0dbdc7bc28d748f59d89c8b8dc4dc9c9 @ https://d2p5liwq1c5kwh.cloudfront.net/x/sentry-5.2.1/bundle.min.js:1
[   31094ms] [LOG] csGetMobileDeviceId: No cookies found for key=CsHtml5DeviceUniqueId_COL @ https://d2p5liwq1c5kwh.cloudfront.net/x/sentry-5.2.1/bundle.min.js:1
[   31094ms] [LOG] csGetMobileDeviceId: Found store['CsHtml5DeviceUniqueIdv2_COL']=0dbdc7bc28d748f59d89c8b8dc4dc9c9 @ https://d2p5liwq1c5kwh.cloudfront.net/x/sentry-5.2.1/bundle.min.js:1
[   31095ms] [LOG] csGetMobileDeviceId: No cookies found for key=CsHtml5DeviceUniqueId_COL @ https://d2p5liwq1c5kwh.cloudfront.net/x/sentry-5.2.1/bundle.min.js:1
[   31095ms] [LOG] csGetMobileDeviceId: Found store['CsHtml5DeviceUniqueIdv2_COL']=0dbdc7bc28d748f59d89c8b8dc4dc9c9 @ https://d2p5liwq1c5kwh.cloudfront.net/x/sentry-5.2.1/bundle.min.js:1
[   31095ms] [LOG] csGetMobileDeviceId: No cookies found for key=CsHtml5DeviceUniqueId_COL @ https://d2p5liwq1c5kwh.cloudfront.net/x/sentry-5.2.1/bundle.min.js:1
[   31095ms] [LOG] csGetMobileDeviceId: Found store['CsHtml5DeviceUniqueIdv2_COL']=0dbdc7bc28d748f59d89c8b8dc4dc9c9 @ https://d2p5liwq1c5kwh.cloudfront.net/x/sentry-5.2.1/bundle.min.js:1
[   31096ms] [LOG] csGetMobileDeviceId: No cookies found for key=CsHtml5DeviceUniqueId_COL @ https://d2p5liwq1c5kwh.cloudfront.net/x/sentry-5.2.1/bundle.min.js:1
[   31096ms] [LOG] csGetMobileDeviceId: Found store['CsHtml5DeviceUniqueIdv2_COL']=0dbdc7bc28d748f59d89c8b8dc4dc9c9 @ https://d2p5liwq1c5kwh.cloudfront.net/x/sentry-5.2.1/bundle.min.js:1
[   31096ms] [LOG] csGetMobileDeviceId: No cookies found for key=CsHtml5DeviceUniqueId_COL @ https://d2p5liwq1c5kwh.cloudfront.net/x/sentry-5.2.1/bundle.min.js:1
[   31096ms] [LOG] csGetMobileDeviceId: Found store['CsHtml5DeviceUniqueIdv2_COL']=0dbdc7bc28d748f59d89c8b8dc4dc9c9 @ https://d2p5liwq1c5kwh.cloudfront.net/x/sentry-5.2.1/bundle.min.js:1
[   31096ms] [LOG] csGetMobileDeviceId: No cookies found for key=CsHtml5DeviceUniqueId_COL @ https://d2p5liwq1c5kwh.cloudfront.net/x/sentry-5.2.1/bundle.min.js:1
[   31101ms] [LOG] csGetMobileDeviceId: Found store['CsHtml5DeviceUniqueIdv2_COL']=0dbdc7bc28d748f59d89c8b8dc4dc9c9 @ https://d2p5liwq1c5kwh.cloudfront.net/x/sentry-5.2.1/bundle.min.js:1
[   31102ms] [LOG] csGetMobileDeviceId: No cookies found for key=CsHtml5DeviceUniqueId_COL @ https://d2p5liwq1c5kwh.cloudfront.net/x/sentry-5.2.1/bundle.min.js:1
[   31102ms] [LOG] csGetMobileDeviceId: Found store['CsHtml5DeviceUniqueIdv2_COL']=0dbdc7bc28d748f59d89c8b8dc4dc9c9 @ https://d2p5liwq1c5kwh.cloudfront.net/x/sentry-5.2.1/bundle.min.js:1
[   31102ms] [LOG] csGetMobileDeviceId: No cookies found for key=CsHtml5DeviceUniqueId_COL @ https://d2p5liwq1c5kwh.cloudfront.net/x/sentry-5.2.1/bundle.min.js:1
[   31102ms] [LOG] csGetMobileDeviceId: Found store['CsHtml5DeviceUniqueIdv2_COL']=0dbdc7bc28d748f59d89c8b8dc4dc9c9 @ https://d2p5liwq1c5kwh.cloudfront.net/x/sentry-5.2.1/bundle.min.js:1
[   31103ms] [LOG] csGetMobileDeviceId: No cookies found for key=CsHtml5DeviceUniqueId_COL @ https://d2p5liwq1c5kwh.cloudfront.net/x/sentry-5.2.1/bundle.min.js:1
[   31103ms] [LOG] csGetMobileDeviceId: Found store['CsHtml5DeviceUniqueIdv2_COL']=0dbdc7bc28d748f59d89c8b8dc4dc9c9 @ https://d2p5liwq1c5kwh.cloudfront.net/x/sentry-5.2.1/bundle.min.js:1
[   31103ms] [LOG] csGetMobileDeviceId: No cookies found for key=CsHtml5DeviceUniqueId_COL @ https://d2p5liwq1c5kwh.cloudfront.net/x/sentry-5.2.1/bundle.min.js:1
[   31103ms] [LOG] csGetMobileDeviceId: Found store['CsHtml5DeviceUniqueIdv2_COL']=0dbdc7bc28d748f59d89c8b8dc4dc9c9 @ https://d2p5liwq1c5kwh.cloudfront.net/x/sentry-5.2.1/bundle.min.js:1
[   31104ms] [LOG] csGetMobileDeviceId: No cookies found for key=CsHtml5DeviceUniqueId_COL @ https://d2p5liwq1c5kwh.cloudfront.net/x/sentry-5.2.1/bundle.min.js:1
[   31104ms] [LOG] csGetMobileDeviceId: Found store['CsHtml5DeviceUniqueIdv2_COL']=0dbdc7bc28d748f59d89c8b8dc4dc9c9 @ https://d2p5liwq1c5kwh.cloudfront.net/x/sentry-5.2.1/bundle.min.js:1
[   31104ms] [LOG] csGetMobileDeviceId: No cookies found for key=CsHtml5DeviceUniqueId_COL @ https://d2p5liwq1c5kwh.cloudfront.net/x/sentry-5.2.1/bundle.min.js:1
[   31104ms] [LOG] csGetMobileDeviceId: Found store['CsHtml5DeviceUniqueIdv2_COL']=0dbdc7bc28d748f59d89c8b8dc4dc9c9 @ https://d2p5liwq1c5kwh.cloudfront.net/x/sentry-5.2.1/bundle.min.js:1
[   31105ms] [LOG] csGetMobileDeviceId: No cookies found for key=CsHtml5DeviceUniqueId_COL @ https://d2p5liwq1c5kwh.cloudfront.net/x/sentry-5.2.1/bundle.min.js:1
[   31105ms] [LOG] csGetMobileDeviceId: Found store['CsHtml5DeviceUniqueIdv2_COL']=0dbdc7bc28d748f59d89c8b8dc4dc9c9 @ https://d2p5liwq1c5kwh.cloudfront.net/x/sentry-5.2.1/bundle.min.js:1
[   31106ms] [LOG] csGetMobileDeviceId: No cookies found for key=CsHtml5DeviceUniqueId_COL @ https://d2p5liwq1c5kwh.cloudfront.net/x/sentry-5.2.1/bundle.min.js:1
[   31106ms] [LOG] csGetMobileDeviceId: Found store['CsHtml5DeviceUniqueIdv2_COL']=0dbdc7bc28d748f59d89c8b8dc4dc9c9 @ https://d2p5liwq1c5kwh.cloudfront.net/x/sentry-5.2.1/bundle.min.js:1
[   31106ms] [LOG] csGetMobileDeviceId: No cookies found for key=CsHtml5DeviceUniqueId_COL @ https://d2p5liwq1c5kwh.cloudfront.net/x/sentry-5.2.1/bundle.min.js:1
[   31106ms] [LOG] csGetMobileDeviceId: Found store['CsHtml5DeviceUniqueIdv2_COL']=0dbdc7bc28d748f59d89c8b8dc4dc9c9 @ https://d2p5liwq1c5kwh.cloudfront.net/x/sentry-5.2.1/bundle.min.js:1
[   31106ms] [LOG] csGetMobileDeviceId: No cookies found for key=CsHtml5DeviceUniqueId_COL @ https://d2p5liwq1c5kwh.cloudfront.net/x/sentry-5.2.1/bundle.min.js:1
[   31106ms] [LOG] csGetMobileDeviceId: Found store['CsHtml5DeviceUniqueIdv2_COL']=0dbdc7bc28d748f59d89c8b8dc4dc9c9 @ https://d2p5liwq1c5kwh.cloudfront.net/x/sentry-5.2.1/bundle.min.js:1
[   31107ms] [LOG] csGetMobileDeviceId: No cookies found for key=CsHtml5DeviceUniqueId_COL @ https://d2p5liwq1c5kwh.cloudfront.net/x/sentry-5.2.1/bundle.min.js:1
[   31107ms] [LOG] csGetMobileDeviceId: Found store['CsHtml5DeviceUniqueIdv2_COL']=0dbdc7bc28d748f59d89c8b8dc4dc9c9 @ https://d2p5liwq1c5kwh.cloudfront.net/x/sentry-5.2.1/bundle.min.js:1
[   31107ms] [LOG] csGetMobileDeviceId: No cookies found for key=CsHtml5DeviceUniqueId_COL @ https://d2p5liwq1c5kwh.cloudfront.net/x/sentry-5.2.1/bundle.min.js:1
[   31107ms] [LOG] csGetMobileDeviceId: Found store['CsHtml5DeviceUniqueIdv2_COL']=0dbdc7bc28d748f59d89c8b8dc4dc9c9 @ https://d2p5liwq1c5kwh.cloudfront.net/x/sentry-5.2.1/bundle.min.js:1
[   31107ms] [LOG] csGetMobileDeviceId: No cookies found for key=CsHtml5DeviceUniqueId_COL @ https://d2p5liwq1c5kwh.cloudfront.net/x/sentry-5.2.1/bundle.min.js:1
[   31107ms] [LOG] csGetMobileDeviceId: Found store['CsHtml5DeviceUniqueIdv2_COL']=0dbdc7bc28d748f59d89c8b8dc4dc9c9 @ https://d2p5liwq1c5kwh.cloudfront.net/x/sentry-5.2.1/bundle.min.js:1
[   31108ms] [LOG] csGetMobileDeviceId: No cookies found for key=CsHtml5DeviceUniqueId_COL @ https://d2p5liwq1c5kwh.cloudfront.net/x/sentry-5.2.1/bundle.min.js:1
[   31108ms] [LOG] csGetMobileDeviceId: Found store['CsHtml5DeviceUniqueIdv2_COL']=0dbdc7bc28d748f59d89c8b8dc4dc9c9 @ https://d2p5liwq1c5kwh.cloudfront.net/x/sentry-5.2.1/bundle.min.js:1
[   31108ms] [LOG] csGetMobileDeviceId: No cookies found for key=CsHtml5DeviceUniqueId_COL @ https://d2p5liwq1c5kwh.cloudfront.net/x/sentry-5.2.1/bundle.min.js:1
[   31108ms] [LOG] csGetMobileDeviceId: Found store['CsHtml5DeviceUniqueIdv2_COL']=0dbdc7bc28d748f59d89c8b8dc4dc9c9 @ https://d2p5liwq1c5kwh.cloudfront.net/x/sentry-5.2.1/bundle.min.js:1
[   31108ms] [LOG] csGetMobileDeviceId: No cookies found for key=CsHtml5DeviceUniqueId_COL @ https://d2p5liwq1c5kwh.cloudfront.net/x/sentry-5.2.1/bundle.min.js:1
[   31109ms] [LOG] csGetMobileDeviceId: Found store['CsHtml5DeviceUniqueIdv2_COL']=0dbdc7bc28d748f59d89c8b8dc4dc9c9 @ https://d2p5liwq1c5kwh.cloudfront.net/x/sentry-5.2.1/bundle.min.js:1
[   31109ms] [LOG] csGetMobileDeviceId: No cookies found for key=CsHtml5DeviceUniqueId_COL @ https://d2p5liwq1c5kwh.cloudfront.net/x/sentry-5.2.1/bundle.min.js:1
[   31109ms] [LOG] csGetMobileDeviceId: Found store['CsHtml5DeviceUniqueIdv2_COL']=0dbdc7bc28d748f59d89c8b8dc4dc9c9 @ https://d2p5liwq1c5kwh.cloudfront.net/x/sentry-5.2.1/bundle.min.js:1
[   31109ms] [LOG] csGetMobileDeviceId: No cookies found for key=CsHtml5DeviceUniqueId_COL @ https://d2p5liwq1c5kwh.cloudfront.net/x/sentry-5.2.1/bundle.min.js:1
[   31110ms] [LOG] csGetMobileDeviceId: Found store['CsHtml5DeviceUniqueIdv2_COL']=0dbdc7bc28d748f59d89c8b8dc4dc9c9 @ https://d2p5liwq1c5kwh.cloudfront.net/x/sentry-5.2.1/bundle.min.js:1
[   31111ms] [LOG] csGetMobileDeviceId: No cookies found for key=CsHtml5DeviceUniqueId_COL @ https://d2p5liwq1c5kwh.cloudfront.net/x/sentry-5.2.1/bundle.min.js:1
[   31111ms] [LOG] csGetMobileDeviceId: Found store['CsHtml5DeviceUniqueIdv2_COL']=0dbdc7bc28d748f59d89c8b8dc4dc9c9 @ https://d2p5liwq1c5kwh.cloudfront.net/x/sentry-5.2.1/bundle.min.js:1
[   31111ms] [LOG] csGetMobileDeviceId: No cookies found for key=CsHtml5DeviceUniqueId_COL @ https://d2p5liwq1c5kwh.cloudfront.net/x/sentry-5.2.1/bundle.min.js:1
[   31112ms] [LOG] csGetMobileDeviceId: Found store['CsHtml5DeviceUniqueIdv2_COL']=0dbdc7bc28d748f59d89c8b8dc4dc9c9 @ https://d2p5liwq1c5kwh.cloudfront.net/x/sentry-5.2.1/bundle.min.js:1
[   31112ms] [LOG] csGetMobileDeviceId: No cookies found for key=CsHtml5DeviceUniqueId_COL @ https://d2p5liwq1c5kwh.cloudfront.net/x/sentry-5.2.1/bundle.min.js:1
[   31112ms] [LOG] csGetMobileDeviceId: Found store['CsHtml5DeviceUniqueIdv2_COL']=0dbdc7bc28d748f59d89c8b8dc4dc9c9 @ https://d2p5liwq1c5kwh.cloudfront.net/x/sentry-5.2.1/bundle.min.js:1
[   31112ms] [LOG] csGetMobileDeviceId: No cookies found for key=CsHtml5DeviceUniqueId_COL @ https://d2p5liwq1c5kwh.cloudfront.net/x/sentry-5.2.1/bundle.min.js:1
[   31112ms] [LOG] csGetMobileDeviceId: Found store['CsHtml5DeviceUniqueIdv2_COL']=0dbdc7bc28d748f59d89c8b8dc4dc9c9 @ https://d2p5liwq1c5kwh.cloudfront.net/x/sentry-5.2.1/bundle.min.js:1
[   31113ms] [LOG] csGetMobileDeviceId: No cookies found for key=CsHtml5DeviceUniqueId_COL @ https://d2p5liwq1c5kwh.cloudfront.net/x/sentry-5.2.1/bundle.min.js:1
[   31113ms] [LOG] csGetMobileDeviceId: Found store['CsHtml5DeviceUniqueIdv2_COL']=0dbdc7bc28d748f59d89c8b8dc4dc9c9 @ https://d2p5liwq1c5kwh.cloudfront.net/x/sentry-5.2.1/bundle.min.js:1
[   31113ms] [LOG] csGetMobileDeviceId: No cookies found for key=CsHtml5DeviceUniqueId_COL @ https://d2p5liwq1c5kwh.cloudfront.net/x/sentry-5.2.1/bundle.min.js:1
[   31113ms] [LOG] csGetMobileDeviceId: Found store['CsHtml5DeviceUniqueIdv2_COL']=0dbdc7bc28d748f59d89c8b8dc4dc9c9 @ https://d2p5liwq1c5kwh.cloudfront.net/x/sentry-5.2.1/bundle.min.js:1
[   31113ms] [LOG] csGetMobileDeviceId: No cookies found for key=CsHtml5DeviceUniqueId_COL @ https://d2p5liwq1c5kwh.cloudfront.net/x/sentry-5.2.1/bundle.min.js:1
[   31113ms] [LOG] csGetMobileDeviceId: Found store['CsHtml5DeviceUniqueIdv2_COL']=0dbdc7bc28d748f59d89c8b8dc4dc9c9 @ https://d2p5liwq1c5kwh.cloudfront.net/x/sentry-5.2.1/bundle.min.js:1
[   31114ms] [LOG] csGetMobileDeviceId: No cookies found for key=CsHtml5DeviceUniqueId_COL @ https://d2p5liwq1c5kwh.cloudfront.net/x/sentry-5.2.1/bundle.min.js:1
[   31114ms] [LOG] csGetMobileDeviceId: Found store['CsHtml5DeviceUniqueIdv2_COL']=0dbdc7bc28d748f59d89c8b8dc4dc9c9 @ https://d2p5liwq1c5kwh.cloudfront.net/x/sentry-5.2.1/bundle.min.js:1
[   31114ms] [LOG] csGetMobileDeviceId: No cookies found for key=CsHtml5DeviceUniqueId_COL @ https://d2p5liwq1c5kwh.cloudfront.net/x/sentry-5.2.1/bundle.min.js:1
[   31114ms] [LOG] csGetMobileDeviceId: Found store['CsHtml5DeviceUniqueIdv2_COL']=0dbdc7bc28d748f59d89c8b8dc4dc9c9 @ https://d2p5liwq1c5kwh.cloudfront.net/x/sentry-5.2.1/bundle.min.js:1
[   32935ms] [LOG] csGetMobileDeviceId: No cookies found for key=CsHtml5DeviceUniqueId_COL @ https://d2p5liwq1c5kwh.cloudfront.net/x/sentry-5.2.1/bundle.min.js:1
[   32935ms] [LOG] csGetMobileDeviceId: Found store['CsHtml5DeviceUniqueIdv2_COL']=0dbdc7bc28d748f59d89c8b8dc4dc9c9 @ https://d2p5liwq1c5kwh.cloudfront.net/x/sentry-5.2.1/bundle.min.js:1
[   33313ms] [LOG] csGetMobileDeviceId: No cookies found for key=CsHtml5DeviceUniqueId_COL @ https://d2p5liwq1c5kwh.cloudfront.net/x/sentry-5.2.1/bundle.min.js:1
[   33313ms] [LOG] csGetMobileDeviceId: Found store['CsHtml5DeviceUniqueIdv2_COL']=0dbdc7bc28d748f59d89c8b8dc4dc9c9 @ https://d2p5liwq1c5kwh.cloudfront.net/x/sentry-5.2.1/bundle.min.js:1
[   33652ms] [LOG] csGetMobileDeviceId: No cookies found for key=CsHtml5DeviceUniqueId_COL @ https://d2p5liwq1c5kwh.cloudfront.net/x/sentry-5.2.1/bundle.min.js:1
[   33652ms] [LOG] csGetMobileDeviceId: Found store['CsHtml5DeviceUniqueIdv2_COL']=0dbdc7bc28d748f59d89c8b8dc4dc9c9 @ https://d2p5liwq1c5kwh.cloudfront.net/x/sentry-5.2.1/bundle.min.js:1
[   33746ms] [LOG] csGetMobileDeviceId: No cookies found for key=CsHtml5DeviceUniqueId_COL @ https://d2p5liwq1c5kwh.cloudfront.net/x/sentry-5.2.1/bundle.min.js:1
[   33746ms] [LOG] csGetMobileDeviceId: Found store['CsHtml5DeviceUniqueIdv2_COL']=0dbdc7bc28d748f59d89c8b8dc4dc9c9 @ https://d2p5liwq1c5kwh.cloudfront.net/x/sentry-5.2.1/bundle.min.js:1
[   52006ms] [VERBOSE] [DOM] Password field is not contained in a form: (More info: https://goo.gl/9p2vKq) %o @ https://columbusoh.oneviewcrm.cc/servicerequests/ffb6e294-a988-f111-a86d-000d3adc4910:0
[   52006ms] [VERBOSE] [DOM] Password field is not contained in a form: (More info: https://goo.gl/9p2vKq) %o @ https://columbusoh.oneviewcrm.cc/servicerequests/ffb6e294-a988-f111-a86d-000d3adc4910:0
[   52008ms] [LOG] Validate Member: No cookies found for key=csIsMemberValid @ https://d2p5liwq1c5kwh.cloudfront.net/x/sentry-5.2.1/bundle.min.js:1
[   52009ms] [LOG] csGetMobileDeviceId: No cookies found for key=CsHtml5DeviceUniqueId_COL @ https://d2p5liwq1c5kwh.cloudfront.net/x/sentry-5.2.1/bundle.min.js:1
[   52009ms] [LOG] csGetMobileDeviceId: Found store['CsHtml5DeviceUniqueIdv2_COL']=0dbdc7bc28d748f59d89c8b8dc4dc9c9 @ https://d2p5liwq1c5kwh.cloudfront.net/x/sentry-5.2.1/bundle.min.js:1
[   52010ms] [LOG] csGetMobileDeviceId: No cookies found for key=CsHtml5DeviceUniqueId_COL @ https://d2p5liwq1c5kwh.cloudfront.net/x/sentry-5.2.1/bundle.min.js:1
[   52010ms] [LOG] csGetMobileDeviceId: Found store['CsHtml5DeviceUniqueIdv2_COL']=0dbdc7bc28d748f59d89c8b8dc4dc9c9 @ https://d2p5liwq1c5kwh.cloudfront.net/x/sentry-5.2.1/bundle.min.js:1
[   52056ms] Uncaught TypeError: Cannot read properties of undefined (reading 'on')
    at ga (https://cdn.onesignal.com/sdks/web/v16/OneSignalSDK.page.es6.js?v=160608:0:132595)
    at <static_initializer> (https://cdn.onesignal.com/sdks/web/v16/OneSignalSDK.page.es6.js?v=160608:0:140152)
    at <anonymous> (https://cdn.onesignal.com/sdks/web/v16/OneSignalSDK.page.es6.js?v=160608:0:135390)
    at <anonymous> (https://cdn.onesignal.com/sdks/web/v16/OneSignalSDK.page.es6.js?v=160608:0:140830)
[   52320ms] [LOG] data {UniqueId: b6be922b4aa842c4bf48a56bc3a826f6, StatusCode: 200, Took: 196, HasErrors: false, ErrorsCount: 0} @ https://d2p5liwq1c5kwh.cloudfront.net/x/sentry-5.2.1/bundle.min.js:1
[   52322ms] [LOG] csGetMobileDeviceId: No cookies found for key=CsHtml5DeviceUniqueId_COL @ https://d2p5liwq1c5kwh.cloudfront.net/x/sentry-5.2.1/bundle.min.js:1
[   52322ms] [LOG] csGetMobileDeviceId: Found store['CsHtml5DeviceUniqueIdv2_COL']=0dbdc7bc28d748f59d89c8b8dc4dc9c9 @ https://d2p5liwq1c5kwh.cloudfront.net/x/sentry-5.2.1/bundle.min.js:1
[   52323ms] [LOG] csGetMobileDeviceId: No cookies found for key=CsHtml5DeviceUniqueId_COL @ https://d2p5liwq1c5kwh.cloudfront.net/x/sentry-5.2.1/bundle.min.js:1
[   52323ms] [LOG] csGetMobileDeviceId: Found store['CsHtml5DeviceUniqueIdv2_COL']=0dbdc7bc28d748f59d89c8b8dc4dc9c9 @ https://d2p5liwq1c5kwh.cloudfront.net/x/sentry-5.2.1/bundle.min.js:1
[   52323ms] [LOG] csGetMobileDeviceId: No cookies found for key=CsHtml5DeviceUniqueId_COL @ https://d2p5liwq1c5kwh.cloudfront.net/x/sentry-5.2.1/bundle.min.js:1
[   52324ms] [LOG] csGetMobileDeviceId: Found store['CsHtml5DeviceUniqueIdv2_COL']=0dbdc7bc28d748f59d89c8b8dc4dc9c9 @ https://d2p5liwq1c5kwh.cloudfront.net/x/sentry-5.2.1/bundle.min.js:1
[   52553ms] [LOG] comments data {UniqueId: 4022b26dae21429c8f476022f610d0e6, StatusCode: 200, Took: 121, HasErrors: false, ErrorsCount: 0} @ https://d2p5liwq1c5kwh.cloudfront.net/x/sentry-5.2.1/bundle.min.js:1
