[    2603ms] [LOG] Request Index: No cookies found for key=csNearbyFilter @ https://d2p5liwq1c5kwh.cloudfront.net/x/sentry-5.2.1/bundle.min.js:1
[    2604ms] [LOG] Request Index: No store/cookies found for key=csNearbyFilter @ https://d2p5liwq1c5kwh.cloudfront.net/x/sentry-5.2.1/bundle.min.js:1
[    2615ms] [VERBOSE] [DOM] Password field is not contained in a form: (More info: https://goo.gl/9p2vKq) %o @ https://columbusoh.oneviewcrm.cc/servicerequests/nearby:0
[    2615ms] [VERBOSE] [DOM] Password field is not contained in a form: (More info: https://goo.gl/9p2vKq) %o @ https://columbusoh.oneviewcrm.cc/servicerequests/nearby:0
[    2616ms] [LOG] Validate Member: No cookies found for key=csIsMemberValid @ https://d2p5liwq1c5kwh.cloudfront.net/x/sentry-5.2.1/bundle.min.js:1
[    2618ms] [LOG] csGetMobileDeviceId: No cookies found for key=CsHtml5DeviceUniqueId_COL @ https://d2p5liwq1c5kwh.cloudfront.net/x/sentry-5.2.1/bundle.min.js:1
[    2618ms] [LOG] csGetMobileDeviceId: No cookies found for key=CsHtml5DeviceUniqueIdv2_COL @ https://d2p5liwq1c5kwh.cloudfront.net/x/sentry-5.2.1/bundle.min.js:1
[    2618ms] [LOG] csGetMobileDeviceId: No store/cookies found for key=CsHtml5DeviceUniqueIdv2_COL @ https://d2p5liwq1c5kwh.cloudfront.net/x/sentry-5.2.1/bundle.min.js:1
[    2618ms] [LOG] csGetMobileDeviceId: Setting store['CsHtml5DeviceUniqueIdv2_COL']=14ca5f6d7dcf4f4f8a93fa473c6fbf0c @ https://d2p5liwq1c5kwh.cloudfront.net/x/sentry-5.2.1/bundle.min.js:1
[    2620ms] [LOG] csGetMobileDeviceId: Setting cookie['CsHtml5DeviceUniqueIdv2_COL']=14ca5f6d7dcf4f4f8a93fa473c6fbf0c @ https://d2p5liwq1c5kwh.cloudfront.net/x/sentry-5.2.1/bundle.min.js:1
[    2625ms] [LOG] csGetMobileDeviceId: No cookies found for key=CsHtml5DeviceUniqueId_COL @ https://d2p5liwq1c5kwh.cloudfront.net/x/sentry-5.2.1/bundle.min.js:1
[    2625ms] [LOG] csGetMobileDeviceId: Found store['CsHtml5DeviceUniqueIdv2_COL']=14ca5f6d7dcf4f4f8a93fa473c6fbf0c @ https://d2p5liwq1c5kwh.cloudfront.net/x/sentry-5.2.1/bundle.min.js:1
[    2626ms] [LOG] csGetMobileDeviceId: No cookies found for key=CsHtml5DeviceUniqueId_COL @ https://d2p5liwq1c5kwh.cloudfront.net/x/sentry-5.2.1/bundle.min.js:1
[    2626ms] [LOG] csGetMobileDeviceId: Found store['CsHtml5DeviceUniqueIdv2_COL']=14ca5f6d7dcf4f4f8a93fa473c6fbf0c @ https://d2p5liwq1c5kwh.cloudfront.net/x/sentry-5.2.1/bundle.min.js:1
[    2627ms] [LOG] csMapInitNamed: csLeaflet @ https://d2p5liwq1c5kwh.cloudfront.net/x/sentry-5.2.1/bundle.min.js:1
[    2655ms] [LOG] csLoadCustomMapLayers: Loading Custom Layer:https://basemaps.arcgis.com/arcgis/rest/services/OpenStreetMap_v2/VectorTileServer @ https://d2p5liwq1c5kwh.cloudfront.net/x/sentry-5.2.1/bundle.min.js:1
[    2658ms] [WARNING] This page appears to be missing CSS declarations for Mapbox GL JS, which may cause the map to display incorrectly. Please ensure your page includes mapbox-gl.css, as described in https://www.mapbox.com/mapbox-gl-js/api/. @ https://d2p5liwq1c5kwh.cloudfront.net/x/sentry-5.2.1/bundle.min.js:1
[    2732ms] Uncaught TypeError: Cannot read properties of undefined (reading 'on')
    at ga (https://cdn.onesignal.com/sdks/web/v16/OneSignalSDK.page.es6.js?v=160608:0:132595)
    at <static_initializer> (https://cdn.onesignal.com/sdks/web/v16/OneSignalSDK.page.es6.js?v=160608:0:140152)
    at <anonymous> (https://cdn.onesignal.com/sdks/web/v16/OneSignalSDK.page.es6.js?v=160608:0:135390)
    at <anonymous> (https://cdn.onesignal.com/sdks/web/v16/OneSignalSDK.page.es6.js?v=160608:0:140830)
[    2718ms] [LOG] csRefreshListAndMap: Starting @ https://d2p5liwq1c5kwh.cloudfront.net/x/sentry-5.2.1/bundle.min.js:1
[    2719ms] [LOG] csGetMobileDeviceId: No cookies found for key=CsHtml5DeviceUniqueId_COL @ https://d2p5liwq1c5kwh.cloudfront.net/x/sentry-5.2.1/bundle.min.js:1
[    2719ms] [LOG] csGetMobileDeviceId: Found store['CsHtml5DeviceUniqueIdv2_COL']=14ca5f6d7dcf4f4f8a93fa473c6fbf0c @ https://d2p5liwq1c5kwh.cloudfront.net/x/sentry-5.2.1/bundle.min.js:1
[    3224ms] [LOG] statusTypesList [Object, Object, Object, Object, Object, Object, Object, Object, Object, Object, Object, Object, Object, Object, Object, Object, Object, Object, Object, Object, Object, Object, Object, Object, Object, Object, Object, Object, Object, Object, Object, Object, Object, Object, Object, Object, Object, Object, Object, Object, Object] @ https://d2p5liwq1c5kwh.cloudfront.net/x/sentry-5.2.1/bundle.min.js:1
[    6176ms] [LOG] csGetMobileDeviceId: No cookies found for key=CsHtml5DeviceUniqueId_COL @ https://d2p5liwq1c5kwh.cloudfront.net/x/sentry-5.2.1/bundle.min.js:1
[    6176ms] [LOG] csGetMobileDeviceId: Found store['CsHtml5DeviceUniqueIdv2_COL']=14ca5f6d7dcf4f4f8a93fa473c6fbf0c @ https://d2p5liwq1c5kwh.cloudfront.net/x/sentry-5.2.1/bundle.min.js:1
[    6177ms] [LOG] csGetMobileDeviceId: No cookies found for key=CsHtml5DeviceUniqueId_COL @ https://d2p5liwq1c5kwh.cloudfront.net/x/sentry-5.2.1/bundle.min.js:1
[    6177ms] [LOG] csGetMobileDeviceId: Found store['CsHtml5DeviceUniqueIdv2_COL']=14ca5f6d7dcf4f4f8a93fa473c6fbf0c @ https://d2p5liwq1c5kwh.cloudfront.net/x/sentry-5.2.1/bundle.min.js:1
[    6177ms] [LOG] csGetMobileDeviceId: No cookies found for key=CsHtml5DeviceUniqueId_COL @ https://d2p5liwq1c5kwh.cloudfront.net/x/sentry-5.2.1/bundle.min.js:1
[    6177ms] [LOG] csGetMobileDeviceId: Found store['CsHtml5DeviceUniqueIdv2_COL']=14ca5f6d7dcf4f4f8a93fa473c6fbf0c @ https://d2p5liwq1c5kwh.cloudfront.net/x/sentry-5.2.1/bundle.min.js:1
[    6178ms] [LOG] csGetMobileDeviceId: No cookies found for key=CsHtml5DeviceUniqueId_COL @ https://d2p5liwq1c5kwh.cloudfront.net/x/sentry-5.2.1/bundle.min.js:1
[    6178ms] [LOG] csGetMobileDeviceId: Found store['CsHtml5DeviceUniqueIdv2_COL']=14ca5f6d7dcf4f4f8a93fa473c6fbf0c @ https://d2p5liwq1c5kwh.cloudfront.net/x/sentry-5.2.1/bundle.min.js:1
[    6178ms] [LOG] csGetMobileDeviceId: No cookies found for key=CsHtml5DeviceUniqueId_COL @ https://d2p5liwq1c5kwh.cloudfront.net/x/sentry-5.2.1/bundle.min.js:1
[    6178ms] [LOG] csGetMobileDeviceId: Found store['CsHtml5DeviceUniqueIdv2_COL']=14ca5f6d7dcf4f4f8a93fa473c6fbf0c @ https://d2p5liwq1c5kwh.cloudfront.net/x/sentry-5.2.1/bundle.min.js:1
[    6179ms] [LOG] csGetMobileDeviceId: No cookies found for key=CsHtml5DeviceUniqueId_COL @ https://d2p5liwq1c5kwh.cloudfront.net/x/sentry-5.2.1/bundle.min.js:1
[    6179ms] [LOG] csGetMobileDeviceId: Found store['CsHtml5DeviceUniqueIdv2_COL']=14ca5f6d7dcf4f4f8a93fa473c6fbf0c @ https://d2p5liwq1c5kwh.cloudfront.net/x/sentry-5.2.1/bundle.min.js:1
[    6179ms] [LOG] csGetMobileDeviceId: No cookies found for key=CsHtml5DeviceUniqueId_COL @ https://d2p5liwq1c5kwh.cloudfront.net/x/sentry-5.2.1/bundle.min.js:1
[    6179ms] [LOG] csGetMobileDeviceId: Found store['CsHtml5DeviceUniqueIdv2_COL']=14ca5f6d7dcf4f4f8a93fa473c6fbf0c @ https://d2p5liwq1c5kwh.cloudfront.net/x/sentry-5.2.1/bundle.min.js:1
[   20224ms] [LOG] csGetMobileDeviceId: No cookies found for key=CsHtml5DeviceUniqueId_COL @ https://d2p5liwq1c5kwh.cloudfront.net/x/sentry-5.2.1/bundle.min.js:1
[   20225ms] [LOG] csGetMobileDeviceId: Found store['CsHtml5DeviceUniqueIdv2_COL']=14ca5f6d7dcf4f4f8a93fa473c6fbf0c @ https://d2p5liwq1c5kwh.cloudfront.net/x/sentry-5.2.1/bundle.min.js:1
[   21489ms] [LOG] csRefreshListAndMap: Starting @ https://d2p5liwq1c5kwh.cloudfront.net/x/sentry-5.2.1/bundle.min.js:1
[   21490ms] [LOG] csGetMobileDeviceId: No cookies found for key=CsHtml5DeviceUniqueId_COL @ https://d2p5liwq1c5kwh.cloudfront.net/x/sentry-5.2.1/bundle.min.js:1
[   21490ms] [LOG] csGetMobileDeviceId: Found store['CsHtml5DeviceUniqueIdv2_COL']=14ca5f6d7dcf4f4f8a93fa473c6fbf0c @ https://d2p5liwq1c5kwh.cloudfront.net/x/sentry-5.2.1/bundle.min.js:1
[   24770ms] [LOG] csGetMobileDeviceId: No cookies found for key=CsHtml5DeviceUniqueId_COL @ https://d2p5liwq1c5kwh.cloudfront.net/x/sentry-5.2.1/bundle.min.js:1
[   24770ms] [LOG] csGetMobileDeviceId: Found store['CsHtml5DeviceUniqueIdv2_COL']=14ca5f6d7dcf4f4f8a93fa473c6fbf0c @ https://d2p5liwq1c5kwh.cloudfront.net/x/sentry-5.2.1/bundle.min.js:1
[   24771ms] [LOG] csGetMobileDeviceId: No cookies found for key=CsHtml5DeviceUniqueId_COL @ https://d2p5liwq1c5kwh.cloudfront.net/x/sentry-5.2.1/bundle.min.js:1
[   24771ms] [LOG] csGetMobileDeviceId: Found store['CsHtml5DeviceUniqueIdv2_COL']=14ca5f6d7dcf4f4f8a93fa473c6fbf0c @ https://d2p5liwq1c5kwh.cloudfront.net/x/sentry-5.2.1/bundle.min.js:1
[   24772ms] [LOG] csGetMobileDeviceId: No cookies found for key=CsHtml5DeviceUniqueId_COL @ https://d2p5liwq1c5kwh.cloudfront.net/x/sentry-5.2.1/bundle.min.js:1
[   24772ms] [LOG] csGetMobileDeviceId: Found store['CsHtml5DeviceUniqueIdv2_COL']=14ca5f6d7dcf4f4f8a93fa473c6fbf0c @ https://d2p5liwq1c5kwh.cloudfront.net/x/sentry-5.2.1/bundle.min.js:1
[   24773ms] [LOG] csGetMobileDeviceId: No cookies found for key=CsHtml5DeviceUniqueId_COL @ https://d2p5liwq1c5kwh.cloudfront.net/x/sentry-5.2.1/bundle.min.js:1
[   24773ms] [LOG] csGetMobileDeviceId: Found store['CsHtml5DeviceUniqueIdv2_COL']=14ca5f6d7dcf4f4f8a93fa473c6fbf0c @ https://d2p5liwq1c5kwh.cloudfront.net/x/sentry-5.2.1/bundle.min.js:1
[   24774ms] [LOG] csGetMobileDeviceId: No cookies found for key=CsHtml5DeviceUniqueId_COL @ https://d2p5liwq1c5kwh.cloudfront.net/x/sentry-5.2.1/bundle.min.js:1
[   24774ms] [LOG] csGetMobileDeviceId: Found store['CsHtml5DeviceUniqueIdv2_COL']=14ca5f6d7dcf4f4f8a93fa473c6fbf0c @ https://d2p5liwq1c5kwh.cloudfront.net/x/sentry-5.2.1/bundle.min.js:1
[   24775ms] [LOG] csGetMobileDeviceId: No cookies found for key=CsHtml5DeviceUniqueId_COL @ https://d2p5liwq1c5kwh.cloudfront.net/x/sentry-5.2.1/bundle.min.js:1
[   24775ms] [LOG] csGetMobileDeviceId: Found store['CsHtml5DeviceUniqueIdv2_COL']=14ca5f6d7dcf4f4f8a93fa473c6fbf0c @ https://d2p5liwq1c5kwh.cloudfront.net/x/sentry-5.2.1/bundle.min.js:1
[   24775ms] [LOG] csGetMobileDeviceId: No cookies found for key=CsHtml5DeviceUniqueId_COL @ https://d2p5liwq1c5kwh.cloudfront.net/x/sentry-5.2.1/bundle.min.js:1
[   24775ms] [LOG] csGetMobileDeviceId: Found store['CsHtml5DeviceUniqueIdv2_COL']=14ca5f6d7dcf4f4f8a93fa473c6fbf0c @ https://d2p5liwq1c5kwh.cloudfront.net/x/sentry-5.2.1/bundle.min.js:1
[   24775ms] [LOG] csGetMobileDeviceId: No cookies found for key=CsHtml5DeviceUniqueId_COL @ https://d2p5liwq1c5kwh.cloudfront.net/x/sentry-5.2.1/bundle.min.js:1
[   24775ms] [LOG] csGetMobileDeviceId: Found store['CsHtml5DeviceUniqueIdv2_COL']=14ca5f6d7dcf4f4f8a93fa473c6fbf0c @ https://d2p5liwq1c5kwh.cloudfront.net/x/sentry-5.2.1/bundle.min.js:1
[   24776ms] [LOG] csGetMobileDeviceId: No cookies found for key=CsHtml5DeviceUniqueId_COL @ https://d2p5liwq1c5kwh.cloudfront.net/x/sentry-5.2.1/bundle.min.js:1
[   24776ms] [LOG] csGetMobileDeviceId: Found store['CsHtml5DeviceUniqueIdv2_COL']=14ca5f6d7dcf4f4f8a93fa473c6fbf0c @ https://d2p5liwq1c5kwh.cloudfront.net/x/sentry-5.2.1/bundle.min.js:1
[   24776ms] [LOG] csGetMobileDeviceId: No cookies found for key=CsHtml5DeviceUniqueId_COL @ https://d2p5liwq1c5kwh.cloudfront.net/x/sentry-5.2.1/bundle.min.js:1
[   24777ms] [LOG] csGetMobileDeviceId: Found store['CsHtml5DeviceUniqueIdv2_COL']=14ca5f6d7dcf4f4f8a93fa473c6fbf0c @ https://d2p5liwq1c5kwh.cloudfront.net/x/sentry-5.2.1/bundle.min.js:1
[   24777ms] [LOG] csGetMobileDeviceId: No cookies found for key=CsHtml5DeviceUniqueId_COL @ https://d2p5liwq1c5kwh.cloudfront.net/x/sentry-5.2.1/bundle.min.js:1
[   24777ms] [LOG] csGetMobileDeviceId: Found store['CsHtml5DeviceUniqueIdv2_COL']=14ca5f6d7dcf4f4f8a93fa473c6fbf0c @ https://d2p5liwq1c5kwh.cloudfront.net/x/sentry-5.2.1/bundle.min.js:1
[   24777ms] [LOG] csGetMobileDeviceId: No cookies found for key=CsHtml5DeviceUniqueId_COL @ https://d2p5liwq1c5kwh.cloudfront.net/x/sentry-5.2.1/bundle.min.js:1
[   24777ms] [LOG] csGetMobileDeviceId: Found store['CsHtml5DeviceUniqueIdv2_COL']=14ca5f6d7dcf4f4f8a93fa473c6fbf0c @ https://d2p5liwq1c5kwh.cloudfront.net/x/sentry-5.2.1/bundle.min.js:1
[   24778ms] [LOG] csGetMobileDeviceId: No cookies found for key=CsHtml5DeviceUniqueId_COL @ https://d2p5liwq1c5kwh.cloudfront.net/x/sentry-5.2.1/bundle.min.js:1
[   24778ms] [LOG] csGetMobileDeviceId: Found store['CsHtml5DeviceUniqueIdv2_COL']=14ca5f6d7dcf4f4f8a93fa473c6fbf0c @ https://d2p5liwq1c5kwh.cloudfront.net/x/sentry-5.2.1/bundle.min.js:1
[   24778ms] [LOG] csGetMobileDeviceId: No cookies found for key=CsHtml5DeviceUniqueId_COL @ https://d2p5liwq1c5kwh.cloudfront.net/x/sentry-5.2.1/bundle.min.js:1
[   24778ms] [LOG] csGetMobileDeviceId: Found store['CsHtml5DeviceUniqueIdv2_COL']=14ca5f6d7dcf4f4f8a93fa473c6fbf0c @ https://d2p5liwq1c5kwh.cloudfront.net/x/sentry-5.2.1/bundle.min.js:1
[   24779ms] [LOG] csGetMobileDeviceId: No cookies found for key=CsHtml5DeviceUniqueId_COL @ https://d2p5liwq1c5kwh.cloudfront.net/x/sentry-5.2.1/bundle.min.js:1
[   24779ms] [LOG] csGetMobileDeviceId: Found store['CsHtml5DeviceUniqueIdv2_COL']=14ca5f6d7dcf4f4f8a93fa473c6fbf0c @ https://d2p5liwq1c5kwh.cloudfront.net/x/sentry-5.2.1/bundle.min.js:1
[   24779ms] [LOG] csGetMobileDeviceId: No cookies found for key=CsHtml5DeviceUniqueId_COL @ https://d2p5liwq1c5kwh.cloudfront.net/x/sentry-5.2.1/bundle.min.js:1
[   24779ms] [LOG] csGetMobileDeviceId: Found store['CsHtml5DeviceUniqueIdv2_COL']=14ca5f6d7dcf4f4f8a93fa473c6fbf0c @ https://d2p5liwq1c5kwh.cloudfront.net/x/sentry-5.2.1/bundle.min.js:1
[   24779ms] [LOG] csGetMobileDeviceId: No cookies found for key=CsHtml5DeviceUniqueId_COL @ https://d2p5liwq1c5kwh.cloudfront.net/x/sentry-5.2.1/bundle.min.js:1
[   24779ms] [LOG] csGetMobileDeviceId: Found store['CsHtml5DeviceUniqueIdv2_COL']=14ca5f6d7dcf4f4f8a93fa473c6fbf0c @ https://d2p5liwq1c5kwh.cloudfront.net/x/sentry-5.2.1/bundle.min.js:1
[   24779ms] [LOG] csGetMobileDeviceId: No cookies found for key=CsHtml5DeviceUniqueId_COL @ https://d2p5liwq1c5kwh.cloudfront.net/x/sentry-5.2.1/bundle.min.js:1
[   24780ms] [LOG] csGetMobileDeviceId: Found store['CsHtml5DeviceUniqueIdv2_COL']=14ca5f6d7dcf4f4f8a93fa473c6fbf0c @ https://d2p5liwq1c5kwh.cloudfront.net/x/sentry-5.2.1/bundle.min.js:1
[   24780ms] [LOG] csGetMobileDeviceId: No cookies found for key=CsHtml5DeviceUniqueId_COL @ https://d2p5liwq1c5kwh.cloudfront.net/x/sentry-5.2.1/bundle.min.js:1
[   24780ms] [LOG] csGetMobileDeviceId: Found store['CsHtml5DeviceUniqueIdv2_COL']=14ca5f6d7dcf4f4f8a93fa473c6fbf0c @ https://d2p5liwq1c5kwh.cloudfront.net/x/sentry-5.2.1/bundle.min.js:1
[   24780ms] [LOG] csGetMobileDeviceId: No cookies found for key=CsHtml5DeviceUniqueId_COL @ https://d2p5liwq1c5kwh.cloudfront.net/x/sentry-5.2.1/bundle.min.js:1
[   24780ms] [LOG] csGetMobileDeviceId: Found store['CsHtml5DeviceUniqueIdv2_COL']=14ca5f6d7dcf4f4f8a93fa473c6fbf0c @ https://d2p5liwq1c5kwh.cloudfront.net/x/sentry-5.2.1/bundle.min.js:1
[   24781ms] [LOG] csGetMobileDeviceId: No cookies found for key=CsHtml5DeviceUniqueId_COL @ https://d2p5liwq1c5kwh.cloudfront.net/x/sentry-5.2.1/bundle.min.js:1
[   24781ms] [LOG] csGetMobileDeviceId: Found store['CsHtml5DeviceUniqueIdv2_COL']=14ca5f6d7dcf4f4f8a93fa473c6fbf0c @ https://d2p5liwq1c5kwh.cloudfront.net/x/sentry-5.2.1/bundle.min.js:1
[   24781ms] [LOG] csGetMobileDeviceId: No cookies found for key=CsHtml5DeviceUniqueId_COL @ https://d2p5liwq1c5kwh.cloudfront.net/x/sentry-5.2.1/bundle.min.js:1
[   24781ms] [LOG] csGetMobileDeviceId: Found store['CsHtml5DeviceUniqueIdv2_COL']=14ca5f6d7dcf4f4f8a93fa473c6fbf0c @ https://d2p5liwq1c5kwh.cloudfront.net/x/sentry-5.2.1/bundle.min.js:1
[   24781ms] [LOG] csGetMobileDeviceId: No cookies found for key=CsHtml5DeviceUniqueId_COL @ https://d2p5liwq1c5kwh.cloudfront.net/x/sentry-5.2.1/bundle.min.js:1
[   24781ms] [LOG] csGetMobileDeviceId: Found store['CsHtml5DeviceUniqueIdv2_COL']=14ca5f6d7dcf4f4f8a93fa473c6fbf0c @ https://d2p5liwq1c5kwh.cloudfront.net/x/sentry-5.2.1/bundle.min.js:1
[   24782ms] [LOG] csGetMobileDeviceId: No cookies found for key=CsHtml5DeviceUniqueId_COL @ https://d2p5liwq1c5kwh.cloudfront.net/x/sentry-5.2.1/bundle.min.js:1
[   24782ms] [LOG] csGetMobileDeviceId: Found store['CsHtml5DeviceUniqueIdv2_COL']=14ca5f6d7dcf4f4f8a93fa473c6fbf0c @ https://d2p5liwq1c5kwh.cloudfront.net/x/sentry-5.2.1/bundle.min.js:1
[   24782ms] [LOG] csGetMobileDeviceId: No cookies found for key=CsHtml5DeviceUniqueId_COL @ https://d2p5liwq1c5kwh.cloudfront.net/x/sentry-5.2.1/bundle.min.js:1
[   24782ms] [LOG] csGetMobileDeviceId: Found store['CsHtml5DeviceUniqueIdv2_COL']=14ca5f6d7dcf4f4f8a93fa473c6fbf0c @ https://d2p5liwq1c5kwh.cloudfront.net/x/sentry-5.2.1/bundle.min.js:1
[   24782ms] [LOG] csGetMobileDeviceId: No cookies found for key=CsHtml5DeviceUniqueId_COL @ https://d2p5liwq1c5kwh.cloudfront.net/x/sentry-5.2.1/bundle.min.js:1
[   24782ms] [LOG] csGetMobileDeviceId: Found store['CsHtml5DeviceUniqueIdv2_COL']=14ca5f6d7dcf4f4f8a93fa473c6fbf0c @ https://d2p5liwq1c5kwh.cloudfront.net/x/sentry-5.2.1/bundle.min.js:1
[   24783ms] [LOG] csGetMobileDeviceId: No cookies found for key=CsHtml5DeviceUniqueId_COL @ https://d2p5liwq1c5kwh.cloudfront.net/x/sentry-5.2.1/bundle.min.js:1
[   24783ms] [LOG] csGetMobileDeviceId: Found store['CsHtml5DeviceUniqueIdv2_COL']=14ca5f6d7dcf4f4f8a93fa473c6fbf0c @ https://d2p5liwq1c5kwh.cloudfront.net/x/sentry-5.2.1/bundle.min.js:1
[   24783ms] [LOG] csGetMobileDeviceId: No cookies found for key=CsHtml5DeviceUniqueId_COL @ https://d2p5liwq1c5kwh.cloudfront.net/x/sentry-5.2.1/bundle.min.js:1
[   24783ms] [LOG] csGetMobileDeviceId: Found store['CsHtml5DeviceUniqueIdv2_COL']=14ca5f6d7dcf4f4f8a93fa473c6fbf0c @ https://d2p5liwq1c5kwh.cloudfront.net/x/sentry-5.2.1/bundle.min.js:1
[   24783ms] [LOG] csGetMobileDeviceId: No cookies found for key=CsHtml5DeviceUniqueId_COL @ https://d2p5liwq1c5kwh.cloudfront.net/x/sentry-5.2.1/bundle.min.js:1
[   24783ms] [LOG] csGetMobileDeviceId: Found store['CsHtml5DeviceUniqueIdv2_COL']=14ca5f6d7dcf4f4f8a93fa473c6fbf0c @ https://d2p5liwq1c5kwh.cloudfront.net/x/sentry-5.2.1/bundle.min.js:1
[   24783ms] [LOG] csGetMobileDeviceId: No cookies found for key=CsHtml5DeviceUniqueId_COL @ https://d2p5liwq1c5kwh.cloudfront.net/x/sentry-5.2.1/bundle.min.js:1
[   24783ms] [LOG] csGetMobileDeviceId: Found store['CsHtml5DeviceUniqueIdv2_COL']=14ca5f6d7dcf4f4f8a93fa473c6fbf0c @ https://d2p5liwq1c5kwh.cloudfront.net/x/sentry-5.2.1/bundle.min.js:1
[   24784ms] [LOG] csGetMobileDeviceId: No cookies found for key=CsHtml5DeviceUniqueId_COL @ https://d2p5liwq1c5kwh.cloudfront.net/x/sentry-5.2.1/bundle.min.js:1
[   24784ms] [LOG] csGetMobileDeviceId: Found store['CsHtml5DeviceUniqueIdv2_COL']=14ca5f6d7dcf4f4f8a93fa473c6fbf0c @ https://d2p5liwq1c5kwh.cloudfront.net/x/sentry-5.2.1/bundle.min.js:1
[   24784ms] [LOG] csGetMobileDeviceId: No cookies found for key=CsHtml5DeviceUniqueId_COL @ https://d2p5liwq1c5kwh.cloudfront.net/x/sentry-5.2.1/bundle.min.js:1
[   24784ms] [LOG] csGetMobileDeviceId: Found store['CsHtml5DeviceUniqueIdv2_COL']=14ca5f6d7dcf4f4f8a93fa473c6fbf0c @ https://d2p5liwq1c5kwh.cloudfront.net/x/sentry-5.2.1/bundle.min.js:1
[   24784ms] [LOG] csGetMobileDeviceId: No cookies found for key=CsHtml5DeviceUniqueId_COL @ https://d2p5liwq1c5kwh.cloudfront.net/x/sentry-5.2.1/bundle.min.js:1
[   24784ms] [LOG] csGetMobileDeviceId: Found store['CsHtml5DeviceUniqueIdv2_COL']=14ca5f6d7dcf4f4f8a93fa473c6fbf0c @ https://d2p5liwq1c5kwh.cloudfront.net/x/sentry-5.2.1/bundle.min.js:1
[   24785ms] [LOG] csGetMobileDeviceId: No cookies found for key=CsHtml5DeviceUniqueId_COL @ https://d2p5liwq1c5kwh.cloudfront.net/x/sentry-5.2.1/bundle.min.js:1
[   24785ms] [LOG] csGetMobileDeviceId: Found store['CsHtml5DeviceUniqueIdv2_COL']=14ca5f6d7dcf4f4f8a93fa473c6fbf0c @ https://d2p5liwq1c5kwh.cloudfront.net/x/sentry-5.2.1/bundle.min.js:1
[   24785ms] [LOG] csGetMobileDeviceId: No cookies found for key=CsHtml5DeviceUniqueId_COL @ https://d2p5liwq1c5kwh.cloudfront.net/x/sentry-5.2.1/bundle.min.js:1
[   24785ms] [LOG] csGetMobileDeviceId: Found store['CsHtml5DeviceUniqueIdv2_COL']=14ca5f6d7dcf4f4f8a93fa473c6fbf0c @ https://d2p5liwq1c5kwh.cloudfront.net/x/sentry-5.2.1/bundle.min.js:1
[   24785ms] [LOG] csGetMobileDeviceId: No cookies found for key=CsHtml5DeviceUniqueId_COL @ https://d2p5liwq1c5kwh.cloudfront.net/x/sentry-5.2.1/bundle.min.js:1
[   24786ms] [LOG] csGetMobileDeviceId: Found store['CsHtml5DeviceUniqueIdv2_COL']=14ca5f6d7dcf4f4f8a93fa473c6fbf0c @ https://d2p5liwq1c5kwh.cloudfront.net/x/sentry-5.2.1/bundle.min.js:1
[   24787ms] [LOG] csGetMobileDeviceId: No cookies found for key=CsHtml5DeviceUniqueId_COL @ https://d2p5liwq1c5kwh.cloudfront.net/x/sentry-5.2.1/bundle.min.js:1
[   24787ms] [LOG] csGetMobileDeviceId: Found store['CsHtml5DeviceUniqueIdv2_COL']=14ca5f6d7dcf4f4f8a93fa473c6fbf0c @ https://d2p5liwq1c5kwh.cloudfront.net/x/sentry-5.2.1/bundle.min.js:1
[   24787ms] [LOG] csGetMobileDeviceId: No cookies found for key=CsHtml5DeviceUniqueId_COL @ https://d2p5liwq1c5kwh.cloudfront.net/x/sentry-5.2.1/bundle.min.js:1
[   24787ms] [LOG] csGetMobileDeviceId: Found store['CsHtml5DeviceUniqueIdv2_COL']=14ca5f6d7dcf4f4f8a93fa473c6fbf0c @ https://d2p5liwq1c5kwh.cloudfront.net/x/sentry-5.2.1/bundle.min.js:1
[   24787ms] [LOG] csGetMobileDeviceId: No cookies found for key=CsHtml5DeviceUniqueId_COL @ https://d2p5liwq1c5kwh.cloudfront.net/x/sentry-5.2.1/bundle.min.js:1
[   24787ms] [LOG] csGetMobileDeviceId: Found store['CsHtml5DeviceUniqueIdv2_COL']=14ca5f6d7dcf4f4f8a93fa473c6fbf0c @ https://d2p5liwq1c5kwh.cloudfront.net/x/sentry-5.2.1/bundle.min.js:1
[   24788ms] [LOG] csGetMobileDeviceId: No cookies found for key=CsHtml5DeviceUniqueId_COL @ https://d2p5liwq1c5kwh.cloudfront.net/x/sentry-5.2.1/bundle.min.js:1
[   24788ms] [LOG] csGetMobileDeviceId: Found store['CsHtml5DeviceUniqueIdv2_COL']=14ca5f6d7dcf4f4f8a93fa473c6fbf0c @ https://d2p5liwq1c5kwh.cloudfront.net/x/sentry-5.2.1/bundle.min.js:1
[   24788ms] [LOG] csGetMobileDeviceId: No cookies found for key=CsHtml5DeviceUniqueId_COL @ https://d2p5liwq1c5kwh.cloudfront.net/x/sentry-5.2.1/bundle.min.js:1
[   24788ms] [LOG] csGetMobileDeviceId: Found store['CsHtml5DeviceUniqueIdv2_COL']=14ca5f6d7dcf4f4f8a93fa473c6fbf0c @ https://d2p5liwq1c5kwh.cloudfront.net/x/sentry-5.2.1/bundle.min.js:1
[   24789ms] [LOG] csGetMobileDeviceId: No cookies found for key=CsHtml5DeviceUniqueId_COL @ https://d2p5liwq1c5kwh.cloudfront.net/x/sentry-5.2.1/bundle.min.js:1
[   24789ms] [LOG] csGetMobileDeviceId: Found store['CsHtml5DeviceUniqueIdv2_COL']=14ca5f6d7dcf4f4f8a93fa473c6fbf0c @ https://d2p5liwq1c5kwh.cloudfront.net/x/sentry-5.2.1/bundle.min.js:1
[   24789ms] [LOG] csGetMobileDeviceId: No cookies found for key=CsHtml5DeviceUniqueId_COL @ https://d2p5liwq1c5kwh.cloudfront.net/x/sentry-5.2.1/bundle.min.js:1
[   24789ms] [LOG] csGetMobileDeviceId: Found store['CsHtml5DeviceUniqueIdv2_COL']=14ca5f6d7dcf4f4f8a93fa473c6fbf0c @ https://d2p5liwq1c5kwh.cloudfront.net/x/sentry-5.2.1/bundle.min.js:1
[   24789ms] [LOG] csGetMobileDeviceId: No cookies found for key=CsHtml5DeviceUniqueId_COL @ https://d2p5liwq1c5kwh.cloudfront.net/x/sentry-5.2.1/bundle.min.js:1
[   24789ms] [LOG] csGetMobileDeviceId: Found store['CsHtml5DeviceUniqueIdv2_COL']=14ca5f6d7dcf4f4f8a93fa473c6fbf0c @ https://d2p5liwq1c5kwh.cloudfront.net/x/sentry-5.2.1/bundle.min.js:1
[   24790ms] [LOG] csGetMobileDeviceId: No cookies found for key=CsHtml5DeviceUniqueId_COL @ https://d2p5liwq1c5kwh.cloudfront.net/x/sentry-5.2.1/bundle.min.js:1
[   24791ms] [LOG] csGetMobileDeviceId: Found store['CsHtml5DeviceUniqueIdv2_COL']=14ca5f6d7dcf4f4f8a93fa473c6fbf0c @ https://d2p5liwq1c5kwh.cloudfront.net/x/sentry-5.2.1/bundle.min.js:1
[   24791ms] [LOG] csGetMobileDeviceId: No cookies found for key=CsHtml5DeviceUniqueId_COL @ https://d2p5liwq1c5kwh.cloudfront.net/x/sentry-5.2.1/bundle.min.js:1
[   24792ms] [LOG] csGetMobileDeviceId: Found store['CsHtml5DeviceUniqueIdv2_COL']=14ca5f6d7dcf4f4f8a93fa473c6fbf0c @ https://d2p5liwq1c5kwh.cloudfront.net/x/sentry-5.2.1/bundle.min.js:1
[   24793ms] [LOG] csGetMobileDeviceId: No cookies found for key=CsHtml5DeviceUniqueId_COL @ https://d2p5liwq1c5kwh.cloudfront.net/x/sentry-5.2.1/bundle.min.js:1
[   24793ms] [LOG] csGetMobileDeviceId: Found store['CsHtml5DeviceUniqueIdv2_COL']=14ca5f6d7dcf4f4f8a93fa473c6fbf0c @ https://d2p5liwq1c5kwh.cloudfront.net/x/sentry-5.2.1/bundle.min.js:1
[   24794ms] [LOG] csGetMobileDeviceId: No cookies found for key=CsHtml5DeviceUniqueId_COL @ https://d2p5liwq1c5kwh.cloudfront.net/x/sentry-5.2.1/bundle.min.js:1
[   24794ms] [LOG] csGetMobileDeviceId: Found store['CsHtml5DeviceUniqueIdv2_COL']=14ca5f6d7dcf4f4f8a93fa473c6fbf0c @ https://d2p5liwq1c5kwh.cloudfront.net/x/sentry-5.2.1/bundle.min.js:1
[   24794ms] [LOG] csGetMobileDeviceId: No cookies found for key=CsHtml5DeviceUniqueId_COL @ https://d2p5liwq1c5kwh.cloudfront.net/x/sentry-5.2.1/bundle.min.js:1
[   24795ms] [LOG] csGetMobileDeviceId: Found store['CsHtml5DeviceUniqueIdv2_COL']=14ca5f6d7dcf4f4f8a93fa473c6fbf0c @ https://d2p5liwq1c5kwh.cloudfront.net/x/sentry-5.2.1/bundle.min.js:1
[   24795ms] [LOG] csGetMobileDeviceId: No cookies found for key=CsHtml5DeviceUniqueId_COL @ https://d2p5liwq1c5kwh.cloudfront.net/x/sentry-5.2.1/bundle.min.js:1
[   24796ms] [LOG] csGetMobileDeviceId: Found store['CsHtml5DeviceUniqueIdv2_COL']=14ca5f6d7dcf4f4f8a93fa473c6fbf0c @ https://d2p5liwq1c5kwh.cloudfront.net/x/sentry-5.2.1/bundle.min.js:1
[   24796ms] [LOG] csGetMobileDeviceId: No cookies found for key=CsHtml5DeviceUniqueId_COL @ https://d2p5liwq1c5kwh.cloudfront.net/x/sentry-5.2.1/bundle.min.js:1
[   24796ms] [LOG] csGetMobileDeviceId: Found store['CsHtml5DeviceUniqueIdv2_COL']=14ca5f6d7dcf4f4f8a93fa473c6fbf0c @ https://d2p5liwq1c5kwh.cloudfront.net/x/sentry-5.2.1/bundle.min.js:1
[   24797ms] [LOG] csGetMobileDeviceId: No cookies found for key=CsHtml5DeviceUniqueId_COL @ https://d2p5liwq1c5kwh.cloudfront.net/x/sentry-5.2.1/bundle.min.js:1
[   24797ms] [LOG] csGetMobileDeviceId: Found store['CsHtml5DeviceUniqueIdv2_COL']=14ca5f6d7dcf4f4f8a93fa473c6fbf0c @ https://d2p5liwq1c5kwh.cloudfront.net/x/sentry-5.2.1/bundle.min.js:1
[   24797ms] [LOG] csGetMobileDeviceId: No cookies found for key=CsHtml5DeviceUniqueId_COL @ https://d2p5liwq1c5kwh.cloudfront.net/x/sentry-5.2.1/bundle.min.js:1
[   24797ms] [LOG] csGetMobileDeviceId: Found store['CsHtml5DeviceUniqueIdv2_COL']=14ca5f6d7dcf4f4f8a93fa473c6fbf0c @ https://d2p5liwq1c5kwh.cloudfront.net/x/sentry-5.2.1/bundle.min.js:1
[   24797ms] [LOG] csGetMobileDeviceId: No cookies found for key=CsHtml5DeviceUniqueId_COL @ https://d2p5liwq1c5kwh.cloudfront.net/x/sentry-5.2.1/bundle.min.js:1
[   24798ms] [LOG] csGetMobileDeviceId: Found store['CsHtml5DeviceUniqueIdv2_COL']=14ca5f6d7dcf4f4f8a93fa473c6fbf0c @ https://d2p5liwq1c5kwh.cloudfront.net/x/sentry-5.2.1/bundle.min.js:1
[   24798ms] [LOG] csGetMobileDeviceId: No cookies found for key=CsHtml5DeviceUniqueId_COL @ https://d2p5liwq1c5kwh.cloudfront.net/x/sentry-5.2.1/bundle.min.js:1
[   24798ms] [LOG] csGetMobileDeviceId: Found store['CsHtml5DeviceUniqueIdv2_COL']=14ca5f6d7dcf4f4f8a93fa473c6fbf0c @ https://d2p5liwq1c5kwh.cloudfront.net/x/sentry-5.2.1/bundle.min.js:1
[   24798ms] [LOG] csGetMobileDeviceId: No cookies found for key=CsHtml5DeviceUniqueId_COL @ https://d2p5liwq1c5kwh.cloudfront.net/x/sentry-5.2.1/bundle.min.js:1
[   24798ms] [LOG] csGetMobileDeviceId: Found store['CsHtml5DeviceUniqueIdv2_COL']=14ca5f6d7dcf4f4f8a93fa473c6fbf0c @ https://d2p5liwq1c5kwh.cloudfront.net/x/sentry-5.2.1/bundle.min.js:1
[   24798ms] [LOG] csGetMobileDeviceId: No cookies found for key=CsHtml5DeviceUniqueId_COL @ https://d2p5liwq1c5kwh.cloudfront.net/x/sentry-5.2.1/bundle.min.js:1
[   24798ms] [LOG] csGetMobileDeviceId: Found store['CsHtml5DeviceUniqueIdv2_COL']=14ca5f6d7dcf4f4f8a93fa473c6fbf0c @ https://d2p5liwq1c5kwh.cloudfront.net/x/sentry-5.2.1/bundle.min.js:1
[   24799ms] [LOG] csGetMobileDeviceId: No cookies found for key=CsHtml5DeviceUniqueId_COL @ https://d2p5liwq1c5kwh.cloudfront.net/x/sentry-5.2.1/bundle.min.js:1
[   24799ms] [LOG] csGetMobileDeviceId: Found store['CsHtml5DeviceUniqueIdv2_COL']=14ca5f6d7dcf4f4f8a93fa473c6fbf0c @ https://d2p5liwq1c5kwh.cloudfront.net/x/sentry-5.2.1/bundle.min.js:1
[   24799ms] [LOG] csGetMobileDeviceId: No cookies found for key=CsHtml5DeviceUniqueId_COL @ https://d2p5liwq1c5kwh.cloudfront.net/x/sentry-5.2.1/bundle.min.js:1
[   24799ms] [LOG] csGetMobileDeviceId: Found store['CsHtml5DeviceUniqueIdv2_COL']=14ca5f6d7dcf4f4f8a93fa473c6fbf0c @ https://d2p5liwq1c5kwh.cloudfront.net/x/sentry-5.2.1/bundle.min.js:1
[   24800ms] [LOG] csGetMobileDeviceId: No cookies found for key=CsHtml5DeviceUniqueId_COL @ https://d2p5liwq1c5kwh.cloudfront.net/x/sentry-5.2.1/bundle.min.js:1
[   24800ms] [LOG] csGetMobileDeviceId: Found store['CsHtml5DeviceUniqueIdv2_COL']=14ca5f6d7dcf4f4f8a93fa473c6fbf0c @ https://d2p5liwq1c5kwh.cloudfront.net/x/sentry-5.2.1/bundle.min.js:1
[   24800ms] [LOG] csGetMobileDeviceId: No cookies found for key=CsHtml5DeviceUniqueId_COL @ https://d2p5liwq1c5kwh.cloudfront.net/x/sentry-5.2.1/bundle.min.js:1
[   24800ms] [LOG] csGetMobileDeviceId: Found store['CsHtml5DeviceUniqueIdv2_COL']=14ca5f6d7dcf4f4f8a93fa473c6fbf0c @ https://d2p5liwq1c5kwh.cloudfront.net/x/sentry-5.2.1/bundle.min.js:1
[   24800ms] [LOG] csGetMobileDeviceId: No cookies found for key=CsHtml5DeviceUniqueId_COL @ https://d2p5liwq1c5kwh.cloudfront.net/x/sentry-5.2.1/bundle.min.js:1
[   24800ms] [LOG] csGetMobileDeviceId: Found store['CsHtml5DeviceUniqueIdv2_COL']=14ca5f6d7dcf4f4f8a93fa473c6fbf0c @ https://d2p5liwq1c5kwh.cloudfront.net/x/sentry-5.2.1/bundle.min.js:1
[   24801ms] [LOG] csGetMobileDeviceId: No cookies found for key=CsHtml5DeviceUniqueId_COL @ https://d2p5liwq1c5kwh.cloudfront.net/x/sentry-5.2.1/bundle.min.js:1
[   24801ms] [LOG] csGetMobileDeviceId: Found store['CsHtml5DeviceUniqueIdv2_COL']=14ca5f6d7dcf4f4f8a93fa473c6fbf0c @ https://d2p5liwq1c5kwh.cloudfront.net/x/sentry-5.2.1/bundle.min.js:1
[   24801ms] [LOG] csGetMobileDeviceId: No cookies found for key=CsHtml5DeviceUniqueId_COL @ https://d2p5liwq1c5kwh.cloudfront.net/x/sentry-5.2.1/bundle.min.js:1
[   24801ms] [LOG] csGetMobileDeviceId: Found store['CsHtml5DeviceUniqueIdv2_COL']=14ca5f6d7dcf4f4f8a93fa473c6fbf0c @ https://d2p5liwq1c5kwh.cloudfront.net/x/sentry-5.2.1/bundle.min.js:1
[   24811ms] [LOG] csGetMobileDeviceId: No cookies found for key=CsHtml5DeviceUniqueId_COL @ https://d2p5liwq1c5kwh.cloudfront.net/x/sentry-5.2.1/bundle.min.js:1
[   24812ms] [LOG] csGetMobileDeviceId: Found store['CsHtml5DeviceUniqueIdv2_COL']=14ca5f6d7dcf4f4f8a93fa473c6fbf0c @ https://d2p5liwq1c5kwh.cloudfront.net/x/sentry-5.2.1/bundle.min.js:1
[   24812ms] [LOG] csGetMobileDeviceId: No cookies found for key=CsHtml5DeviceUniqueId_COL @ https://d2p5liwq1c5kwh.cloudfront.net/x/sentry-5.2.1/bundle.min.js:1
[   24812ms] [LOG] csGetMobileDeviceId: Found store['CsHtml5DeviceUniqueIdv2_COL']=14ca5f6d7dcf4f4f8a93fa473c6fbf0c @ https://d2p5liwq1c5kwh.cloudfront.net/x/sentry-5.2.1/bundle.min.js:1
[   24813ms] [LOG] csGetMobileDeviceId: No cookies found for key=CsHtml5DeviceUniqueId_COL @ https://d2p5liwq1c5kwh.cloudfront.net/x/sentry-5.2.1/bundle.min.js:1
[   24813ms] [LOG] csGetMobileDeviceId: Found store['CsHtml5DeviceUniqueIdv2_COL']=14ca5f6d7dcf4f4f8a93fa473c6fbf0c @ https://d2p5liwq1c5kwh.cloudfront.net/x/sentry-5.2.1/bundle.min.js:1
[   24813ms] [LOG] csGetMobileDeviceId: No cookies found for key=CsHtml5DeviceUniqueId_COL @ https://d2p5liwq1c5kwh.cloudfront.net/x/sentry-5.2.1/bundle.min.js:1
[   24813ms] [LOG] csGetMobileDeviceId: Found store['CsHtml5DeviceUniqueIdv2_COL']=14ca5f6d7dcf4f4f8a93fa473c6fbf0c @ https://d2p5liwq1c5kwh.cloudfront.net/x/sentry-5.2.1/bundle.min.js:1
[   24814ms] [LOG] csGetMobileDeviceId: No cookies found for key=CsHtml5DeviceUniqueId_COL @ https://d2p5liwq1c5kwh.cloudfront.net/x/sentry-5.2.1/bundle.min.js:1
[   24814ms] [LOG] csGetMobileDeviceId: Found store['CsHtml5DeviceUniqueIdv2_COL']=14ca5f6d7dcf4f4f8a93fa473c6fbf0c @ https://d2p5liwq1c5kwh.cloudfront.net/x/sentry-5.2.1/bundle.min.js:1
[   24814ms] [LOG] csGetMobileDeviceId: No cookies found for key=CsHtml5DeviceUniqueId_COL @ https://d2p5liwq1c5kwh.cloudfront.net/x/sentry-5.2.1/bundle.min.js:1
[   24814ms] [LOG] csGetMobileDeviceId: Found store['CsHtml5DeviceUniqueIdv2_COL']=14ca5f6d7dcf4f4f8a93fa473c6fbf0c @ https://d2p5liwq1c5kwh.cloudfront.net/x/sentry-5.2.1/bundle.min.js:1
[   24814ms] [LOG] csGetMobileDeviceId: No cookies found for key=CsHtml5DeviceUniqueId_COL @ https://d2p5liwq1c5kwh.cloudfront.net/x/sentry-5.2.1/bundle.min.js:1
[   24815ms] [LOG] csGetMobileDeviceId: Found store['CsHtml5DeviceUniqueIdv2_COL']=14ca5f6d7dcf4f4f8a93fa473c6fbf0c @ https://d2p5liwq1c5kwh.cloudfront.net/x/sentry-5.2.1/bundle.min.js:1
[   24815ms] [LOG] csGetMobileDeviceId: No cookies found for key=CsHtml5DeviceUniqueId_COL @ https://d2p5liwq1c5kwh.cloudfront.net/x/sentry-5.2.1/bundle.min.js:1
[   24815ms] [LOG] csGetMobileDeviceId: Found store['CsHtml5DeviceUniqueIdv2_COL']=14ca5f6d7dcf4f4f8a93fa473c6fbf0c @ https://d2p5liwq1c5kwh.cloudfront.net/x/sentry-5.2.1/bundle.min.js:1
[   24816ms] [LOG] csGetMobileDeviceId: No cookies found for key=CsHtml5DeviceUniqueId_COL @ https://d2p5liwq1c5kwh.cloudfront.net/x/sentry-5.2.1/bundle.min.js:1
[   24816ms] [LOG] csGetMobileDeviceId: Found store['CsHtml5DeviceUniqueIdv2_COL']=14ca5f6d7dcf4f4f8a93fa473c6fbf0c @ https://d2p5liwq1c5kwh.cloudfront.net/x/sentry-5.2.1/bundle.min.js:1
[   24816ms] [LOG] csGetMobileDeviceId: No cookies found for key=CsHtml5DeviceUniqueId_COL @ https://d2p5liwq1c5kwh.cloudfront.net/x/sentry-5.2.1/bundle.min.js:1
[   24816ms] [LOG] csGetMobileDeviceId: Found store['CsHtml5DeviceUniqueIdv2_COL']=14ca5f6d7dcf4f4f8a93fa473c6fbf0c @ https://d2p5liwq1c5kwh.cloudfront.net/x/sentry-5.2.1/bundle.min.js:1
[   24816ms] [LOG] csGetMobileDeviceId: No cookies found for key=CsHtml5DeviceUniqueId_COL @ https://d2p5liwq1c5kwh.cloudfront.net/x/sentry-5.2.1/bundle.min.js:1
[   24817ms] [LOG] csGetMobileDeviceId: Found store['CsHtml5DeviceUniqueIdv2_COL']=14ca5f6d7dcf4f4f8a93fa473c6fbf0c @ https://d2p5liwq1c5kwh.cloudfront.net/x/sentry-5.2.1/bundle.min.js:1
[   24817ms] [LOG] csGetMobileDeviceId: No cookies found for key=CsHtml5DeviceUniqueId_COL @ https://d2p5liwq1c5kwh.cloudfront.net/x/sentry-5.2.1/bundle.min.js:1
[   24817ms] [LOG] csGetMobileDeviceId: Found store['CsHtml5DeviceUniqueIdv2_COL']=14ca5f6d7dcf4f4f8a93fa473c6fbf0c @ https://d2p5liwq1c5kwh.cloudfront.net/x/sentry-5.2.1/bundle.min.js:1
[   24817ms] [LOG] csGetMobileDeviceId: No cookies found for key=CsHtml5DeviceUniqueId_COL @ https://d2p5liwq1c5kwh.cloudfront.net/x/sentry-5.2.1/bundle.min.js:1
[   24817ms] [LOG] csGetMobileDeviceId: Found store['CsHtml5DeviceUniqueIdv2_COL']=14ca5f6d7dcf4f4f8a93fa473c6fbf0c @ https://d2p5liwq1c5kwh.cloudfront.net/x/sentry-5.2.1/bundle.min.js:1
[   24818ms] [LOG] csGetMobileDeviceId: No cookies found for key=CsHtml5DeviceUniqueId_COL @ https://d2p5liwq1c5kwh.cloudfront.net/x/sentry-5.2.1/bundle.min.js:1
[   24818ms] [LOG] csGetMobileDeviceId: Found store['CsHtml5DeviceUniqueIdv2_COL']=14ca5f6d7dcf4f4f8a93fa473c6fbf0c @ https://d2p5liwq1c5kwh.cloudfront.net/x/sentry-5.2.1/bundle.min.js:1
[   24818ms] [LOG] csGetMobileDeviceId: No cookies found for key=CsHtml5DeviceUniqueId_COL @ https://d2p5liwq1c5kwh.cloudfront.net/x/sentry-5.2.1/bundle.min.js:1
[   24818ms] [LOG] csGetMobileDeviceId: Found store['CsHtml5DeviceUniqueIdv2_COL']=14ca5f6d7dcf4f4f8a93fa473c6fbf0c @ https://d2p5liwq1c5kwh.cloudfront.net/x/sentry-5.2.1/bundle.min.js:1
[   24818ms] [LOG] csGetMobileDeviceId: No cookies found for key=CsHtml5DeviceUniqueId_COL @ https://d2p5liwq1c5kwh.cloudfront.net/x/sentry-5.2.1/bundle.min.js:1
[   24818ms] [LOG] csGetMobileDeviceId: Found store['CsHtml5DeviceUniqueIdv2_COL']=14ca5f6d7dcf4f4f8a93fa473c6fbf0c @ https://d2p5liwq1c5kwh.cloudfront.net/x/sentry-5.2.1/bundle.min.js:1
[   24819ms] [LOG] csGetMobileDeviceId: No cookies found for key=CsHtml5DeviceUniqueId_COL @ https://d2p5liwq1c5kwh.cloudfront.net/x/sentry-5.2.1/bundle.min.js:1
[   24819ms] [LOG] csGetMobileDeviceId: Found store['CsHtml5DeviceUniqueIdv2_COL']=14ca5f6d7dcf4f4f8a93fa473c6fbf0c @ https://d2p5liwq1c5kwh.cloudfront.net/x/sentry-5.2.1/bundle.min.js:1
[   24819ms] [LOG] csGetMobileDeviceId: No cookies found for key=CsHtml5DeviceUniqueId_COL @ https://d2p5liwq1c5kwh.cloudfront.net/x/sentry-5.2.1/bundle.min.js:1
[   24819ms] [LOG] csGetMobileDeviceId: Found store['CsHtml5DeviceUniqueIdv2_COL']=14ca5f6d7dcf4f4f8a93fa473c6fbf0c @ https://d2p5liwq1c5kwh.cloudfront.net/x/sentry-5.2.1/bundle.min.js:1
[   24820ms] [LOG] csGetMobileDeviceId: No cookies found for key=CsHtml5DeviceUniqueId_COL @ https://d2p5liwq1c5kwh.cloudfront.net/x/sentry-5.2.1/bundle.min.js:1
[   24820ms] [LOG] csGetMobileDeviceId: Found store['CsHtml5DeviceUniqueIdv2_COL']=14ca5f6d7dcf4f4f8a93fa473c6fbf0c @ https://d2p5liwq1c5kwh.cloudfront.net/x/sentry-5.2.1/bundle.min.js:1
[   24820ms] [LOG] csGetMobileDeviceId: No cookies found for key=CsHtml5DeviceUniqueId_COL @ https://d2p5liwq1c5kwh.cloudfront.net/x/sentry-5.2.1/bundle.min.js:1
[   24820ms] [LOG] csGetMobileDeviceId: Found store['CsHtml5DeviceUniqueIdv2_COL']=14ca5f6d7dcf4f4f8a93fa473c6fbf0c @ https://d2p5liwq1c5kwh.cloudfront.net/x/sentry-5.2.1/bundle.min.js:1
[   24821ms] [LOG] csGetMobileDeviceId: No cookies found for key=CsHtml5DeviceUniqueId_COL @ https://d2p5liwq1c5kwh.cloudfront.net/x/sentry-5.2.1/bundle.min.js:1
[   24821ms] [LOG] csGetMobileDeviceId: Found store['CsHtml5DeviceUniqueIdv2_COL']=14ca5f6d7dcf4f4f8a93fa473c6fbf0c @ https://d2p5liwq1c5kwh.cloudfront.net/x/sentry-5.2.1/bundle.min.js:1
[   24821ms] [LOG] csGetMobileDeviceId: No cookies found for key=CsHtml5DeviceUniqueId_COL @ https://d2p5liwq1c5kwh.cloudfront.net/x/sentry-5.2.1/bundle.min.js:1
[   24821ms] [LOG] csGetMobileDeviceId: Found store['CsHtml5DeviceUniqueIdv2_COL']=14ca5f6d7dcf4f4f8a93fa473c6fbf0c @ https://d2p5liwq1c5kwh.cloudfront.net/x/sentry-5.2.1/bundle.min.js:1
[   24821ms] [LOG] csGetMobileDeviceId: No cookies found for key=CsHtml5DeviceUniqueId_COL @ https://d2p5liwq1c5kwh.cloudfront.net/x/sentry-5.2.1/bundle.min.js:1
[   24822ms] [LOG] csGetMobileDeviceId: Found store['CsHtml5DeviceUniqueIdv2_COL']=14ca5f6d7dcf4f4f8a93fa473c6fbf0c @ https://d2p5liwq1c5kwh.cloudfront.net/x/sentry-5.2.1/bundle.min.js:1
[   24822ms] [LOG] csGetMobileDeviceId: No cookies found for key=CsHtml5DeviceUniqueId_COL @ https://d2p5liwq1c5kwh.cloudfront.net/x/sentry-5.2.1/bundle.min.js:1
[   24822ms] [LOG] csGetMobileDeviceId: Found store['CsHtml5DeviceUniqueIdv2_COL']=14ca5f6d7dcf4f4f8a93fa473c6fbf0c @ https://d2p5liwq1c5kwh.cloudfront.net/x/sentry-5.2.1/bundle.min.js:1
[   24823ms] [LOG] csGetMobileDeviceId: No cookies found for key=CsHtml5DeviceUniqueId_COL @ https://d2p5liwq1c5kwh.cloudfront.net/x/sentry-5.2.1/bundle.min.js:1
[   24823ms] [LOG] csGetMobileDeviceId: Found store['CsHtml5DeviceUniqueIdv2_COL']=14ca5f6d7dcf4f4f8a93fa473c6fbf0c @ https://d2p5liwq1c5kwh.cloudfront.net/x/sentry-5.2.1/bundle.min.js:1
[   24823ms] [LOG] csGetMobileDeviceId: No cookies found for key=CsHtml5DeviceUniqueId_COL @ https://d2p5liwq1c5kwh.cloudfront.net/x/sentry-5.2.1/bundle.min.js:1
[   24823ms] [LOG] csGetMobileDeviceId: Found store['CsHtml5DeviceUniqueIdv2_COL']=14ca5f6d7dcf4f4f8a93fa473c6fbf0c @ https://d2p5liwq1c5kwh.cloudfront.net/x/sentry-5.2.1/bundle.min.js:1
[   24823ms] [LOG] csGetMobileDeviceId: No cookies found for key=CsHtml5DeviceUniqueId_COL @ https://d2p5liwq1c5kwh.cloudfront.net/x/sentry-5.2.1/bundle.min.js:1
[   24823ms] [LOG] csGetMobileDeviceId: Found store['CsHtml5DeviceUniqueIdv2_COL']=14ca5f6d7dcf4f4f8a93fa473c6fbf0c @ https://d2p5liwq1c5kwh.cloudfront.net/x/sentry-5.2.1/bundle.min.js:1
[   24824ms] [LOG] csGetMobileDeviceId: No cookies found for key=CsHtml5DeviceUniqueId_COL @ https://d2p5liwq1c5kwh.cloudfront.net/x/sentry-5.2.1/bundle.min.js:1
[   24824ms] [LOG] csGetMobileDeviceId: Found store['CsHtml5DeviceUniqueIdv2_COL']=14ca5f6d7dcf4f4f8a93fa473c6fbf0c @ https://d2p5liwq1c5kwh.cloudfront.net/x/sentry-5.2.1/bundle.min.js:1
[   24825ms] [LOG] csGetMobileDeviceId: No cookies found for key=CsHtml5DeviceUniqueId_COL @ https://d2p5liwq1c5kwh.cloudfront.net/x/sentry-5.2.1/bundle.min.js:1
[   24825ms] [LOG] csGetMobileDeviceId: Found store['CsHtml5DeviceUniqueIdv2_COL']=14ca5f6d7dcf4f4f8a93fa473c6fbf0c @ https://d2p5liwq1c5kwh.cloudfront.net/x/sentry-5.2.1/bundle.min.js:1
[   24825ms] [LOG] csGetMobileDeviceId: No cookies found for key=CsHtml5DeviceUniqueId_COL @ https://d2p5liwq1c5kwh.cloudfront.net/x/sentry-5.2.1/bundle.min.js:1
[   24825ms] [LOG] csGetMobileDeviceId: Found store['CsHtml5DeviceUniqueIdv2_COL']=14ca5f6d7dcf4f4f8a93fa473c6fbf0c @ https://d2p5liwq1c5kwh.cloudfront.net/x/sentry-5.2.1/bundle.min.js:1
[   24826ms] [LOG] csGetMobileDeviceId: No cookies found for key=CsHtml5DeviceUniqueId_COL @ https://d2p5liwq1c5kwh.cloudfront.net/x/sentry-5.2.1/bundle.min.js:1
[   24826ms] [LOG] csGetMobileDeviceId: Found store['CsHtml5DeviceUniqueIdv2_COL']=14ca5f6d7dcf4f4f8a93fa473c6fbf0c @ https://d2p5liwq1c5kwh.cloudfront.net/x/sentry-5.2.1/bundle.min.js:1
[   24826ms] [LOG] csGetMobileDeviceId: No cookies found for key=CsHtml5DeviceUniqueId_COL @ https://d2p5liwq1c5kwh.cloudfront.net/x/sentry-5.2.1/bundle.min.js:1
[   24826ms] [LOG] csGetMobileDeviceId: Found store['CsHtml5DeviceUniqueIdv2_COL']=14ca5f6d7dcf4f4f8a93fa473c6fbf0c @ https://d2p5liwq1c5kwh.cloudfront.net/x/sentry-5.2.1/bundle.min.js:1
[   24826ms] [LOG] csGetMobileDeviceId: No cookies found for key=CsHtml5DeviceUniqueId_COL @ https://d2p5liwq1c5kwh.cloudfront.net/x/sentry-5.2.1/bundle.min.js:1
[   24826ms] [LOG] csGetMobileDeviceId: Found store['CsHtml5DeviceUniqueIdv2_COL']=14ca5f6d7dcf4f4f8a93fa473c6fbf0c @ https://d2p5liwq1c5kwh.cloudfront.net/x/sentry-5.2.1/bundle.min.js:1
[   24827ms] [LOG] csGetMobileDeviceId: No cookies found for key=CsHtml5DeviceUniqueId_COL @ https://d2p5liwq1c5kwh.cloudfront.net/x/sentry-5.2.1/bundle.min.js:1
[   24827ms] [LOG] csGetMobileDeviceId: Found store['CsHtml5DeviceUniqueIdv2_COL']=14ca5f6d7dcf4f4f8a93fa473c6fbf0c @ https://d2p5liwq1c5kwh.cloudfront.net/x/sentry-5.2.1/bundle.min.js:1
[   26517ms] [LOG] csGetMobileDeviceId: No cookies found for key=CsHtml5DeviceUniqueId_COL @ https://d2p5liwq1c5kwh.cloudfront.net/x/sentry-5.2.1/bundle.min.js:1
[   26517ms] [LOG] csGetMobileDeviceId: Found store['CsHtml5DeviceUniqueIdv2_COL']=14ca5f6d7dcf4f4f8a93fa473c6fbf0c @ https://d2p5liwq1c5kwh.cloudfront.net/x/sentry-5.2.1/bundle.min.js:1
[   26525ms] [LOG] csGetMobileDeviceId: No cookies found for key=CsHtml5DeviceUniqueId_COL @ https://d2p5liwq1c5kwh.cloudfront.net/x/sentry-5.2.1/bundle.min.js:1
[   26525ms] [LOG] csGetMobileDeviceId: Found store['CsHtml5DeviceUniqueIdv2_COL']=14ca5f6d7dcf4f4f8a93fa473c6fbf0c @ https://d2p5liwq1c5kwh.cloudfront.net/x/sentry-5.2.1/bundle.min.js:1
[   27413ms] [LOG] csGetMobileDeviceId: No cookies found for key=CsHtml5DeviceUniqueId_COL @ https://d2p5liwq1c5kwh.cloudfront.net/x/sentry-5.2.1/bundle.min.js:1
[   27413ms] [LOG] csGetMobileDeviceId: Found store['CsHtml5DeviceUniqueIdv2_COL']=14ca5f6d7dcf4f4f8a93fa473c6fbf0c @ https://d2p5liwq1c5kwh.cloudfront.net/x/sentry-5.2.1/bundle.min.js:1
[   27415ms] [LOG] csGetMobileDeviceId: No cookies found for key=CsHtml5DeviceUniqueId_COL @ https://d2p5liwq1c5kwh.cloudfront.net/x/sentry-5.2.1/bundle.min.js:1
[   27415ms] [LOG] csGetMobileDeviceId: Found store['CsHtml5DeviceUniqueIdv2_COL']=14ca5f6d7dcf4f4f8a93fa473c6fbf0c @ https://d2p5liwq1c5kwh.cloudfront.net/x/sentry-5.2.1/bundle.min.js:1
[   27698ms] [LOG] csGetMobileDeviceId: No cookies found for key=CsHtml5DeviceUniqueId_COL @ https://d2p5liwq1c5kwh.cloudfront.net/x/sentry-5.2.1/bundle.min.js:1
[   27698ms] [LOG] csGetMobileDeviceId: Found store['CsHtml5DeviceUniqueIdv2_COL']=14ca5f6d7dcf4f4f8a93fa473c6fbf0c @ https://d2p5liwq1c5kwh.cloudfront.net/x/sentry-5.2.1/bundle.min.js:1
[   27698ms] [LOG] csGetMobileDeviceId: No cookies found for key=CsHtml5DeviceUniqueId_COL @ https://d2p5liwq1c5kwh.cloudfront.net/x/sentry-5.2.1/bundle.min.js:1
[   27698ms] [LOG] csGetMobileDeviceId: Found store['CsHtml5DeviceUniqueIdv2_COL']=14ca5f6d7dcf4f4f8a93fa473c6fbf0c @ https://d2p5liwq1c5kwh.cloudfront.net/x/sentry-5.2.1/bundle.min.js:1
[   47370ms] [VERBOSE] [DOM] Password field is not contained in a form: (More info: https://goo.gl/9p2vKq) %o @ https://columbusoh.oneviewcrm.cc/servicerequests/4083739f-6980-f111-a86c-000d3adc4910:0
[   47370ms] [VERBOSE] [DOM] Password field is not contained in a form: (More info: https://goo.gl/9p2vKq) %o @ https://columbusoh.oneviewcrm.cc/servicerequests/4083739f-6980-f111-a86c-000d3adc4910:0
[   47372ms] [LOG] Validate Member: No cookies found for key=csIsMemberValid @ https://d2p5liwq1c5kwh.cloudfront.net/x/sentry-5.2.1/bundle.min.js:1
[   47373ms] [LOG] csGetMobileDeviceId: No cookies found for key=CsHtml5DeviceUniqueId_COL @ https://d2p5liwq1c5kwh.cloudfront.net/x/sentry-5.2.1/bundle.min.js:1
[   47373ms] [LOG] csGetMobileDeviceId: Found store['CsHtml5DeviceUniqueIdv2_COL']=14ca5f6d7dcf4f4f8a93fa473c6fbf0c @ https://d2p5liwq1c5kwh.cloudfront.net/x/sentry-5.2.1/bundle.min.js:1
[   47375ms] [LOG] csGetMobileDeviceId: No cookies found for key=CsHtml5DeviceUniqueId_COL @ https://d2p5liwq1c5kwh.cloudfront.net/x/sentry-5.2.1/bundle.min.js:1
[   47375ms] [LOG] csGetMobileDeviceId: Found store['CsHtml5DeviceUniqueIdv2_COL']=14ca5f6d7dcf4f4f8a93fa473c6fbf0c @ https://d2p5liwq1c5kwh.cloudfront.net/x/sentry-5.2.1/bundle.min.js:1
[   47429ms] Uncaught TypeError: Cannot read properties of undefined (reading 'on')
    at ga (https://cdn.onesignal.com/sdks/web/v16/OneSignalSDK.page.es6.js?v=160608:0:132595)
    at <static_initializer> (https://cdn.onesignal.com/sdks/web/v16/OneSignalSDK.page.es6.js?v=160608:0:140152)
    at <anonymous> (https://cdn.onesignal.com/sdks/web/v16/OneSignalSDK.page.es6.js?v=160608:0:135390)
    at <anonymous> (https://cdn.onesignal.com/sdks/web/v16/OneSignalSDK.page.es6.js?v=160608:0:140830)
[   47730ms] [LOG] data {UniqueId: 87cc12e43bb44b7497e64beb018971de, StatusCode: 200, Took: 189, HasErrors: false, ErrorsCount: 0} @ https://d2p5liwq1c5kwh.cloudfront.net/x/sentry-5.2.1/bundle.min.js:1
[   47730ms] [LOG] csGetMobileDeviceId: No cookies found for key=CsHtml5DeviceUniqueId_COL @ https://d2p5liwq1c5kwh.cloudfront.net/x/sentry-5.2.1/bundle.min.js:1
[   47730ms] [LOG] csGetMobileDeviceId: Found store['CsHtml5DeviceUniqueIdv2_COL']=14ca5f6d7dcf4f4f8a93fa473c6fbf0c @ https://d2p5liwq1c5kwh.cloudfront.net/x/sentry-5.2.1/bundle.min.js:1
[   47731ms] [LOG] csGetMobileDeviceId: No cookies found for key=CsHtml5DeviceUniqueId_COL @ https://d2p5liwq1c5kwh.cloudfront.net/x/sentry-5.2.1/bundle.min.js:1
[   47731ms] [LOG] csGetMobileDeviceId: Found store['CsHtml5DeviceUniqueIdv2_COL']=14ca5f6d7dcf4f4f8a93fa473c6fbf0c @ https://d2p5liwq1c5kwh.cloudfront.net/x/sentry-5.2.1/bundle.min.js:1
[   47732ms] [LOG] csGetMobileDeviceId: No cookies found for key=CsHtml5DeviceUniqueId_COL @ https://d2p5liwq1c5kwh.cloudfront.net/x/sentry-5.2.1/bundle.min.js:1
[   47732ms] [LOG] csGetMobileDeviceId: Found store['CsHtml5DeviceUniqueIdv2_COL']=14ca5f6d7dcf4f4f8a93fa473c6fbf0c @ https://d2p5liwq1c5kwh.cloudfront.net/x/sentry-5.2.1/bundle.min.js:1
[   47985ms] [LOG] comments data {UniqueId: fc74de5863c8400eb16cfbaaf0685ed9, StatusCode: 200, Took: 110, HasErrors: false, ErrorsCount: 0} @ https://d2p5liwq1c5kwh.cloudfront.net/x/sentry-5.2.1/bundle.min.js:1
